Archive member included to satisfy reference by file (symbol)

c:/st/stm32cubeide_1.0.2/stm32cubeide/plugins/com.st.stm32cube.ide.mcu.externaltools.gnu-tools-for-stm32.7-2018-q2-update.win32_1.0.0.201904181610/tools/bin/../lib/gcc/arm-none-eabi/7.3.1/../../../../arm-none-eabi/lib/thumb/v7e-m/fpv4-sp/hard\libc_nano.a(lib_a-errno.o)
                              Application/User/syscalls.o (__errno)
c:/st/stm32cubeide_1.0.2/stm32cubeide/plugins/com.st.stm32cube.ide.mcu.externaltools.gnu-tools-for-stm32.7-2018-q2-update.win32_1.0.0.201904181610/tools/bin/../lib/gcc/arm-none-eabi/7.3.1/../../../../arm-none-eabi/lib/thumb/v7e-m/fpv4-sp/hard\libc_nano.a(lib_a-exit.o)
                              c:/st/stm32cubeide_1.0.2/stm32cubeide/plugins/com.st.stm32cube.ide.mcu.externaltools.gnu-tools-for-stm32.7-2018-q2-update.win32_1.0.0.201904181610/tools/bin/../lib/gcc/arm-none-eabi/7.3.1/../../../../arm-none-eabi/lib/thumb/v7e-m/fpv4-sp/hard/crt0.o (exit)
c:/st/stm32cubeide_1.0.2/stm32cubeide/plugins/com.st.stm32cube.ide.mcu.externaltools.gnu-tools-for-stm32.7-2018-q2-update.win32_1.0.0.201904181610/tools/bin/../lib/gcc/arm-none-eabi/7.3.1/../../../../arm-none-eabi/lib/thumb/v7e-m/fpv4-sp/hard\libc_nano.a(lib_a-impure.o)
                              c:/st/stm32cubeide_1.0.2/stm32cubeide/plugins/com.st.stm32cube.ide.mcu.externaltools.gnu-tools-for-stm32.7-2018-q2-update.win32_1.0.0.201904181610/tools/bin/../lib/gcc/arm-none-eabi/7.3.1/../../../../arm-none-eabi/lib/thumb/v7e-m/fpv4-sp/hard\libc_nano.a(lib_a-exit.o) (_global_impure_ptr)
c:/st/stm32cubeide_1.0.2/stm32cubeide/plugins/com.st.stm32cube.ide.mcu.externaltools.gnu-tools-for-stm32.7-2018-q2-update.win32_1.0.0.201904181610/tools/bin/../lib/gcc/arm-none-eabi/7.3.1/../../../../arm-none-eabi/lib/thumb/v7e-m/fpv4-sp/hard\libc_nano.a(lib_a-init.o)
                              c:/st/stm32cubeide_1.0.2/stm32cubeide/plugins/com.st.stm32cube.ide.mcu.externaltools.gnu-tools-for-stm32.7-2018-q2-update.win32_1.0.0.201904181610/tools/bin/../lib/gcc/arm-none-eabi/7.3.1/../../../../arm-none-eabi/lib/thumb/v7e-m/fpv4-sp/hard/crt0.o (__libc_init_array)
c:/st/stm32cubeide_1.0.2/stm32cubeide/plugins/com.st.stm32cube.ide.mcu.externaltools.gnu-tools-for-stm32.7-2018-q2-update.win32_1.0.0.201904181610/tools/bin/../lib/gcc/arm-none-eabi/7.3.1/../../../../arm-none-eabi/lib/thumb/v7e-m/fpv4-sp/hard\libc_nano.a(lib_a-memcpy-stub.o)
                              Middlewares/MotorControl/mcpa.o (memcpy)
c:/st/stm32cubeide_1.0.2/stm32cubeide/plugins/com.st.stm32cube.ide.mcu.externaltools.gnu-tools-for-stm32.7-2018-q2-update.win32_1.0.0.201904181610/tools/bin/../lib/gcc/arm-none-eabi/7.3.1/../../../../arm-none-eabi/lib/thumb/v7e-m/fpv4-sp/hard\libc_nano.a(lib_a-memset.o)
                              c:/st/stm32cubeide_1.0.2/stm32cubeide/plugins/com.st.stm32cube.ide.mcu.externaltools.gnu-tools-for-stm32.7-2018-q2-update.win32_1.0.0.201904181610/tools/bin/../lib/gcc/arm-none-eabi/7.3.1/../../../../arm-none-eabi/lib/thumb/v7e-m/fpv4-sp/hard/crt0.o (memset)
c:/st/stm32cubeide_1.0.2/stm32cubeide/plugins/com.st.stm32cube.ide.mcu.externaltools.gnu-tools-for-stm32.7-2018-q2-update.win32_1.0.0.201904181610/tools/bin/../lib/gcc/arm-none-eabi/7.3.1/thumb/v7e-m/fpv4-sp/hard\libgcc.a(_arm_addsubdf3.o)
                              Application/User/mc_interface.o (__aeabi_i2d)
c:/st/stm32cubeide_1.0.2/stm32cubeide/plugins/com.st.stm32cube.ide.mcu.externaltools.gnu-tools-for-stm32.7-2018-q2-update.win32_1.0.0.201904181610/tools/bin/../lib/gcc/arm-none-eabi/7.3.1/thumb/v7e-m/fpv4-sp/hard\libgcc.a(_arm_muldivdf3.o)
                              Application/User/mc_interface.o (__aeabi_dmul)
c:/st/stm32cubeide_1.0.2/stm32cubeide/plugins/com.st.stm32cube.ide.mcu.externaltools.gnu-tools-for-stm32.7-2018-q2-update.win32_1.0.0.201904181610/tools/bin/../lib/gcc/arm-none-eabi/7.3.1/thumb/v7e-m/fpv4-sp/hard\libgcc.a(_arm_truncdfsf2.o)
                              Application/User/mc_interface.o (__aeabi_d2f)
c:/st/stm32cubeide_1.0.2/stm32cubeide/plugins/com.st.stm32cube.ide.mcu.externaltools.gnu-tools-for-stm32.7-2018-q2-update.win32_1.0.0.201904181610/tools/bin/../lib/gcc/arm-none-eabi/7.3.1/thumb/v7e-m/fpv4-sp/hard\libgcc.a(_aeabi_ldivmod.o)
                              Drivers/STM32G4xx_HAL_Driver/stm32g4xx_hal_uart.o (__aeabi_ldivmod)
c:/st/stm32cubeide_1.0.2/stm32cubeide/plugins/com.st.stm32cube.ide.mcu.externaltools.gnu-tools-for-stm32.7-2018-q2-update.win32_1.0.0.201904181610/tools/bin/../lib/gcc/arm-none-eabi/7.3.1/thumb/v7e-m/fpv4-sp/hard\libgcc.a(_aeabi_uldivmod.o)
                              Drivers/STM32G4xx_HAL_Driver/stm32g4xx_hal_uart.o (__aeabi_uldivmod)
c:/st/stm32cubeide_1.0.2/stm32cubeide/plugins/com.st.stm32cube.ide.mcu.externaltools.gnu-tools-for-stm32.7-2018-q2-update.win32_1.0.0.201904181610/tools/bin/../lib/gcc/arm-none-eabi/7.3.1/thumb/v7e-m/fpv4-sp/hard\libgcc.a(_udivmoddi4.o)
[...]
Memory Configuration

Name             Origin             Length             Attributes
RAM              0x0000000020000000 0x0000000000008000 xrw
FLASH            0x0000000008000000 0x0000000000020000 xr
*default*        0x0000000000000000 0xffffffffffffffff

Linker script and memory map

LOAD c:/st/stm32cubeide_1.0.2/stm32cubeide/plugins/com.st.stm32cube.ide.mcu.externaltools.gnu-tools-for-stm32.7-2018-q2-update.win32_1.0.0.201904181610/tools/bin/../lib/gcc/arm-none-eabi/7.3.1/thumb/v7e-m/fpv4-sp/hard/crti.o
LOAD c:/st/stm32cubeide_1.0.2/stm32cubeide/plugins/com.st.stm32cube.ide.mcu.externaltools.gnu-tools-for-stm32.7-2018-q2-update.win32_1.0.0.201904181610/tools/bin/../lib/gcc/arm-none-eabi/7.3.1/thumb/v7e-m/fpv4-sp/hard/crtbegin.o
LOAD c:/st/stm32cubeide_1.0.2/stm32cubeide/plugins/com.st.stm32cube.ide.mcu.externaltools.gnu-tools-for-stm32.7-2018-q2-update.win32_1.0.0.201904181610/tools/bin/../lib/gcc/arm-none-eabi/7.3.1/../../../../arm-none-eabi/lib/thumb/v7e-m/fpv4-sp/hard/crt0.o
LOAD Application/Startup/startup_stm32g431rbtx.o
LOAD Application/User/aspep.o
LOAD Application/User/main.o
LOAD Application/User/mc_api.o
LOAD Application/User/mc_app_hooks.o
LOAD Application/User/mc_config.o
LOAD Application/User/mc_configuration_registers.o
LOAD Application/User/mc_interface.o
LOAD Application/User/mc_math.o
LOAD Application/User/mc_parameters.o
LOAD Application/User/mc_perf.o
LOAD Application/User/mc_tasks.o
LOAD Application/User/mcp_config.o
LOAD Application/User/motorcontrol.o
LOAD Application/User/pwm_curr_fdbk.o
LOAD Application/User/register_interface.o
LOAD Application/User/regular_conversion_manager.o
LOAD Application/User/stm32g4xx_hal_msp.o
LOAD Application/User/stm32g4xx_it.o
LOAD Application/User/stm32g4xx_mc_it.o
LOAD Application/User/syscalls.o
LOAD Application/User/sysmem.o
LOAD Application/User/usart_aspep_driver.o
LOAD Drivers/CMSIS/system_stm32g4xx.o
LOAD Drivers/STM32G4xx_HAL_Driver/stm32g4xx_hal.o
LOAD Drivers/STM32G4xx_HAL_Driver/stm32g4xx_hal_adc.o
LOAD Drivers/STM32G4xx_HAL_Driver/stm32g4xx_hal_adc_ex.o
LOAD Drivers/STM32G4xx_HAL_Driver/stm32g4xx_hal_cordic.o
LOAD Drivers/STM32G4xx_HAL_Driver/stm32g4xx_hal_cortex.o
LOAD Drivers/STM32G4xx_HAL_Driver/stm32g4xx_hal_dma.o
LOAD Drivers/STM32G4xx_HAL_Driver/stm32g4xx_hal_dma_ex.o
LOAD Drivers/STM32G4xx_HAL_Driver/stm32g4xx_hal_exti.o
LOAD Drivers/STM32G4xx_HAL_Driver/stm32g4xx_hal_flash.o
LOAD Drivers/STM32G4xx_HAL_Driver/stm32g4xx_hal_flash_ex.o
LOAD Drivers/STM32G4xx_HAL_Driver/stm32g4xx_hal_flash_ramfunc.o
LOAD Drivers/STM32G4xx_HAL_Driver/stm32g4xx_hal_gpio.o
LOAD Drivers/STM32G4xx_HAL_Driver/stm32g4xx_hal_pwr.o
LOAD Drivers/STM32G4xx_HAL_Driver/stm32g4xx_hal_pwr_ex.o
LOAD Drivers/STM32G4xx_HAL_Driver/stm32g4xx_hal_rcc.o
LOAD Drivers/STM32G4xx_HAL_Driver/stm32g4xx_hal_rcc_ex.o
LOAD Drivers/STM32G4xx_HAL_Driver/stm32g4xx_hal_tim.o
LOAD Drivers/STM32G4xx_HAL_Driver/stm32g4xx_hal_tim_ex.o
LOAD Drivers/STM32G4xx_HAL_Driver/stm32g4xx_hal_uart.o
LOAD Drivers/STM32G4xx_HAL_Driver/stm32g4xx_hal_uart_ex.o
LOAD Drivers/STM32G4xx_HAL_Driver/stm32g4xx_ll_adc.o
LOAD Middlewares/MotorControl/bus_voltage_sensor.o
LOAD Middlewares/MotorControl/circle_limitation.o
LOAD Middlewares/MotorControl/digital_output.o
LOAD Middlewares/MotorControl/enc_align_ctrl.o
LOAD Middlewares/MotorControl/encoder_speed_pos_fdbk.o
LOAD Middlewares/MotorControl/mcp.o
LOAD Middlewares/MotorControl/mcpa.o
LOAD Middlewares/MotorControl/ntc_temperature_sensor.o
LOAD Middlewares/MotorControl/open_loop.o
LOAD Middlewares/MotorControl/pid_regulator.o
LOAD Middlewares/MotorControl/pqd_motor_power_measurement.o
LOAD Middlewares/MotorControl/pwm_common.o
LOAD Middlewares/MotorControl/r3_2_g4xx_pwm_curr_fdbk.o
LOAD Middlewares/MotorControl/r_divider_bus_voltage_sensor.o
LOAD Middlewares/MotorControl/ramp_ext_mngr.o
LOAD Middlewares/MotorControl/revup_ctrl.o
LOAD Middlewares/MotorControl/speed_pos_fdbk.o
LOAD Middlewares/MotorControl/speed_torq_ctrl.o
LOAD Middlewares/MotorControl/trajectory_ctrl.o
LOAD Middlewares/MotorControl/virtual_speed_sensor.o
START GROUP
LOAD c:/st/stm32cubeide_1.0.2/stm32cubeide/plugins/com.st.stm32cube.ide.mcu.externaltools.gnu-tools-for-stm32.7-2018-q2-update.win32_1.0.0.201904181610/tools/bin/../lib/gcc/arm-none-eabi/7.3.1/../../../../arm-none-eabi/lib/thumb/v7e-m/fpv4-sp/hard\libc_nano.a
LOAD c:/st/stm32cubeide_1.0.2/stm32cubeide/plugins/com.st.stm32cube.ide.mcu.externaltools.gnu-tools-for-stm32.7-2018-q2-update.win32_1.0.0.201904181610/tools/bin/../lib/gcc/arm-none-eabi/7.3.1/../../../../arm-none-eabi/lib/thumb/v7e-m/fpv4-sp/hard\libm.a
END GROUP
START GROUP
LOAD c:/st/stm32cubeide_1.0.2/stm32cubeide/plugins/com.st.stm32cube.ide.mcu.externaltools.gnu-tools-for-stm32.7-2018-q2-update.win32_1.0.0.201904181610/tools/bin/../lib/gcc/arm-none-eabi/7.3.1/thumb/v7e-m/fpv4-sp/hard\libgcc.a
LOAD c:/st/stm32cubeide_1.0.2/stm32cubeide/plugins/com.st.stm32cube.ide.mcu.externaltools.gnu-tools-for-stm32.7-2018-q2-update.win32_1.0.0.201904181610/tools/bin/../lib/gcc/arm-none-eabi/7.3.1/../../../../arm-none-eabi/lib/thumb/v7e-m/fpv4-sp/hard\libc_nano.a
END GROUP
START GROUP
LOAD c:/st/stm32cubeide_1.0.2/stm32cubeide/plugins/com.st.stm32cube.ide.mcu.externaltools.gnu-tools-for-stm32.7-2018-q2-update.win32_1.0.0.201904181610/tools/bin/../lib/gcc/arm-none-eabi/7.3.1/thumb/v7e-m/fpv4-sp/hard\libgcc.a
LOAD c:/st/stm32cubeide_1.0.2/stm32cubeide/plugins/com.st.stm32cube.ide.mcu.externaltools.gnu-tools-for-stm32.7-2018-q2-update.win32_1.0.0.201904181610/tools/bin/../lib/gcc/arm-none-eabi/7.3.1/../../../../arm-none-eabi/lib/thumb/v7e-m/fpv4-sp/hard\libc_nano.a
LOAD c:/st/stm32cubeide_1.0.2/stm32cubeide/plugins/com.st.stm32cube.ide.mcu.externaltools.gnu-tools-for-stm32.7-2018-q2-update.win32_1.0.0.201904181610/tools/bin/../lib/gcc/arm-none-eabi/7.3.1/../../../../arm-none-eabi/lib/thumb/v7e-m/fpv4-sp/hard\libnosys.a
END GROUP
START GROUP
LOAD c:/st/stm32cubeide_1.0.2/stm32cubeide/plugins/com.st.stm32cube.ide.mcu.externaltools.gnu-tools-for-stm32.7-2018-q2-update.win32_1.0.0.201904181610/tools/bin/../lib/gcc/arm-none-eabi/7.3.1/thumb/v7e-m/fpv4-sp/hard\libgcc.a
LOAD c:/st/stm32cubeide_1.0.2/stm32cubeide/plugins/com.st.stm32cube.ide.mcu.externaltools.gnu-tools-for-stm32.7-2018-q2-update.win32_1.0.0.201904181610/tools/bin/../lib/gcc/arm-none-eabi/7.3.1/../../../../arm-none-eabi/lib/thumb/v7e-m/fpv4-sp/hard\libc_nano.a
LOAD c:/st/stm32cubeide_1.0.2/stm32cubeide/plugins/com.st.stm32cube.ide.mcu.externaltools.gnu-tools-for-stm32.7-2018-q2-update.win32_1.0.0.201904181610/tools/bin/../lib/gcc/arm-none-eabi/7.3.1/../../../../arm-none-eabi/lib/thumb/v7e-m/fpv4-sp/hard\libnosys.a
END GROUP
LOAD c:/st/stm32cubeide_1.0.2/stm32cubeide/plugins/com.st.stm32cube.ide.mcu.externaltools.gnu-tools-for-stm32.7-2018-q2-update.win32_1.0.0.201904181610/tools/bin/../lib/gcc/arm-none-eabi/7.3.1/thumb/v7e-m/fpv4-sp/hard/crtend.o
LOAD c:/st/stm32cubeide_1.0.2/stm32cubeide/plugins/com.st.stm32cube.ide.mcu.externaltools.gnu-tools-for-stm32.7-2018-q2-update.win32_1.0.0.201904181610/tools/bin/../lib/gcc/arm-none-eabi/7.3.1/thumb/v7e-m/fpv4-sp/hard/crtn.o
                0x0000000020008000                _estack = (ORIGIN (RAM) + LENGTH (RAM))
                0x0000000000000200                _Min_Heap_Size = 0x200
                0x0000000000000400                _Min_Stack_Size = 0x400

.isr_vector     0x0000000008000000      0x1d8
                0x0000000008000000                . = ALIGN (0x4)
 *(.isr_vector)
 .isr_vector    0x0000000008000000      0x1d8 Application/Startup/startup_stm32g431rbtx.o
                0x0000000008000000                g_pfnVectors
                0x00000000080001d8                . = ALIGN (0x4)

.text           0x00000000080001d8     0x9120
                0x00000000080001d8                . = ALIGN (0x4)
 *(.text)
 .text          0x00000000080001d8       0x40 c:/st/stm32cubeide_1.0.2/stm32cubeide/plugins/com.st.stm32cube.ide.mcu.externaltools.gnu-tools-for-stm32.7-2018-q2-update.win32_1.0.0.201904181610/tools/bin/../lib/gcc/arm-none-eabi/7.3.1/thumb/v7e-m/fpv4-sp/hard/crtbegin.o
 .text          0x0000000008000218       0x30 c:/st/stm32cubeide_1.0.2/stm32cubeide/plugins/com.st.stm32cube.ide.mcu.externaltools.gnu-tools-for-stm32.7-2018-q2-update.win32_1.0.0.201904181610/tools/bin/../lib/gcc/arm-none-eabi/7.3.1/thumb/v7e-m/fpv4-sp/hard\libgcc.a(_aeabi_uldivmod.o)
                0x0000000008000218                __aeabi_uldivmod
 .text          0x0000000008000248      0x2cc c:/st/stm32cubeide_1.0.2/stm32cubeide/plugins/com.st.stm32cube.ide.mcu.externaltools.gnu-tools-for-stm32.7-2018-q2-update.win32_1.0.0.201904181610/tools/bin/../lib/gcc/arm-none-eabi/7.3.1/thumb/v7e-m/fpv4-sp/hard\libgcc.a(_udivmoddi4.o)
                0x0000000008000248                __udivmoddi4
 .text          0x0000000008000514        0x4 c:/st/stm32cubeide_1.0.2/stm32cubeide/plugins/com.st.stm32cube.ide.mcu.externaltools.gnu-tools-for-stm32.7-2018-q2-update.win32_1.0.0.201904181610/tools/bin/../lib/gcc/arm-none-eabi/7.3.1/thumb/v7e-m/fpv4-sp/hard\libgcc.a(_dvmd_tls.o)
                0x0000000008000514                __aeabi_idiv0
                0x0000000008000514                __aeabi_ldiv0
 *(.text*)
 .text.Reset_Handler
                0x0000000008000518       0x50 Application/Startup/startup_stm32g431rbtx.o
                0x0000000008000518                Reset_Handler
 .text.Default_Handler
                0x0000000008000568        0x2 Application/Startup/startup_stm32g431rbtx.o
                0x0000000008000568                RTC_Alarm_IRQHandler
                0x0000000008000568                EXTI2_IRQHandler
                0x0000000008000568                TIM8_TRG_COM_IRQHandler
                0x0000000008000568                TIM8_CC_IRQHandler
                0x0000000008000568                DebugMon_Handler
                0x0000000008000568                TIM1_CC_IRQHandler
                0x0000000008000568                USB_HP_IRQHandler
                0x0000000008000568                CORDIC_IRQHandler
                0x0000000008000568                PendSV_Handler
                0x0000000008000568                NMI_Handler
                0x0000000008000568                EXTI3_IRQHandler
                0x0000000008000568                I2C3_ER_IRQHandler
                0x0000000008000568                EXTI0_IRQHandler
                0x0000000008000568                I2C2_EV_IRQHandler
                0x0000000008000568                FPU_IRQHandler
                0x0000000008000568                FDCAN1_IT1_IRQHandler
                0x0000000008000568                UsageFault_Handler
                0x0000000008000568                SPI1_IRQHandler
                0x0000000008000568                TIM6_DAC_IRQHandler
                0x0000000008000568                TIM8_UP_IRQHandler
                0x0000000008000568                DMA2_Channel2_IRQHandler
                0x0000000008000568                DMA1_Channel4_IRQHandler
                0x0000000008000568                USART3_IRQHandler
                0x0000000008000568                TIM4_IRQHandler
                0x0000000008000568                DMA2_Channel1_IRQHandler
                0x0000000008000568                I2C1_EV_IRQHandler
                0x0000000008000568                DMA1_Channel6_IRQHandler
                0x0000000008000568                UART4_IRQHandler
                0x0000000008000568                DMA2_Channel4_IRQHandler
                0x0000000008000568                TIM3_IRQHandler
                0x0000000008000568                RCC_IRQHandler
                0x0000000008000568                Default_Handler
                0x0000000008000568                RTC_TAMP_LSECSS_IRQHandler
                0x0000000008000568                FMAC_IRQHandler
                0x0000000008000568                TIM7_IRQHandler
                0x0000000008000568                UCPD1_IRQHandler
                0x0000000008000568                I2C3_EV_IRQHandler
                0x0000000008000568                EXTI9_5_IRQHandler
                0x0000000008000568                RTC_WKUP_IRQHandler
                0x0000000008000568                PVD_PVM_IRQHandler
                0x0000000008000568                SPI2_IRQHandler
                0x0000000008000568                MemManage_Handler
                0x0000000008000568                SVC_Handler
                0x0000000008000568                DMA2_Channel5_IRQHandler
                0x0000000008000568                CRS_IRQHandler
                0x0000000008000568                DMA1_Channel5_IRQHandler
                0x0000000008000568                USB_LP_IRQHandler
                0x0000000008000568                EXTI4_IRQHandler
                0x0000000008000568                RNG_IRQHandler
                0x0000000008000568                TIM1_TRG_COM_TIM17_IRQHandler
                0x0000000008000568                DMA1_Channel3_IRQHandler
                0x0000000008000568                WWDG_IRQHandler
                0x0000000008000568                LPUART1_IRQHandler
                0x0000000008000568                DMA2_Channel6_IRQHandler
                0x0000000008000568                FDCAN1_IT0_IRQHandler
                0x0000000008000568                COMP1_2_3_IRQHandler
                0x0000000008000568                EXTI1_IRQHandler
                0x0000000008000568                I2C2_ER_IRQHandler
                0x0000000008000568                DMA1_Channel2_IRQHandler
                0x0000000008000568                TIM8_BRK_IRQHandler
                0x0000000008000568                FLASH_IRQHandler
                0x0000000008000568                BusFault_Handler
                0x0000000008000568                USART1_IRQHandler
                0x0000000008000568                SPI3_IRQHandler
                0x0000000008000568                I2C1_ER_IRQHandler
                0x0000000008000568                LPTIM1_IRQHandler
                0x0000000008000568                DMAMUX_OVR_IRQHandler
                0x0000000008000568                USBWakeUp_IRQHandler
                0x0000000008000568                SAI1_IRQHandler
                0x0000000008000568                DMA2_Channel3_IRQHandler
                0x0000000008000568                COMP4_IRQHandler
 *fill*         0x000000000800056a        0x2 
 .text.ASPEP_start
                0x000000000800056c       0x28 Application/User/aspep.o
                0x000000000800056c                ASPEP_start
 .text.ASPEP_sendBeacon
                0x0000000008000594       0x84 Application/User/aspep.o
                0x0000000008000594                ASPEP_sendBeacon
 .text.ASPEP_sendPing
                0x0000000008000618       0x88 Application/User/aspep.o
                0x0000000008000618                ASPEP_sendPing
 .text.ASPEP_getBuffer
                0x00000000080006a0       0x6c Application/User/aspep.o
                0x00000000080006a0                ASPEP_getBuffer
 .text.ASPEP_sendPacket
                0x000000000800070c      0x124 Application/User/aspep.o
                0x000000000800070c                ASPEP_sendPacket
 .text.ASPEP_HWDataTransmittedIT
                0x0000000008000830       0x98 Application/User/aspep.o
                0x0000000008000830                ASPEP_HWDataTransmittedIT
 .text.ASPEP_RXframeProcess
                0x00000000080008c8      0x298 Application/User/aspep.o
                0x00000000080008c8                ASPEP_RXframeProcess
 .text.ASPEP_HWDataReceivedIT
                0x0000000008000b60       0x9c Application/User/aspep.o
                0x0000000008000b60                ASPEP_HWDataReceivedIT
 .text.ASPEP_HWDMAReset
                0x0000000008000bfc       0x14 Application/User/aspep.o
                0x0000000008000bfc                ASPEP_HWDMAReset
 .text.SystemClock_Config
                0x0000000008000c10       0x74 Application/User/main.o
                0x0000000008000c10                SystemClock_Config
 *fill*         0x0000000008000c84        0x4 
 .text.startup.main
                0x0000000008000c88      0x550 Application/User/main.o
                0x0000000008000c88                main
 .text.Error_Handler
                0x00000000080011d8        0x4 Application/User/main.o
                0x00000000080011d8                Error_Handler
 .text.MC_StartMotor1
                0x00000000080011dc        0xc Application/User/mc_api.o
                0x00000000080011dc                MC_StartMotor1
 .text.MC_StopMotor1
                0x00000000080011e8        0xc Application/User/mc_api.o
                0x00000000080011e8                MC_StopMotor1
 .text.MC_GetSTMStateMotor1
                0x00000000080011f4        0xc Application/User/mc_api.o
                0x00000000080011f4                MC_GetSTMStateMotor1
 .text.MC_ProfilerCommand
                0x0000000008001200        0x4 Application/User/mc_api.o
                0x0000000008001200                MC_ProfilerCommand
 .text.MC_APP_BootHook
                0x0000000008001204        0x4 Application/User/mc_app_hooks.o
                0x0000000008001204                MC_APP_BootHook
 .text.MC_APP_PostMediumFrequencyHook_M1
                0x0000000008001208        0x4 Application/User/mc_app_hooks.o
                0x0000000008001208                MC_APP_PostMediumFrequencyHook_M1
 .text.MCI_Init
                0x000000000800120c       0x28 Application/User/mc_interface.o
                0x000000000800120c                MCI_Init
 .text.MCI_ExecSpeedRamp
                0x0000000008001234       0x1c Application/User/mc_interface.o
                0x0000000008001234                MCI_ExecSpeedRamp
 .text.MCI_ExecTorqueRamp
                0x0000000008001250       0x1c Application/User/mc_interface.o
                0x0000000008001250                MCI_ExecTorqueRamp
 .text.MCI_SetCurrentReferences
                0x000000000800126c       0x20 Application/User/mc_interface.o
                0x000000000800126c                MCI_SetCurrentReferences
 .text.MCI_ExecPositionCommand
                0x000000000800128c       0x6c Application/User/mc_interface.o
                0x000000000800128c                MCI_ExecPositionCommand
 .text.MCI_FaultProcessing
                0x00000000080012f8       0x18 Application/User/mc_interface.o
                0x00000000080012f8                MCI_FaultProcessing
 .text.MCI_ExecBufferedCommands
                0x0000000008001310       0x7c Application/User/mc_interface.o
                0x0000000008001310                MCI_ExecBufferedCommands
 .text.MCI_GetSTMState
                0x000000000800138c        0x4 Application/User/mc_interface.o
                0x000000000800138c                MCI_GetSTMState
 .text.MCI_GetCurrentPosition
                0x0000000008001390        0x8 Application/User/mc_interface.o
                0x0000000008001390                MCI_GetCurrentPosition
 .text.MCI_GetOccurredFaults
                0x0000000008001398        0x4 Application/User/mc_interface.o
                0x0000000008001398                MCI_GetOccurredFaults
 .text.MCI_GetCurrentFaults
                0x000000000800139c        0x4 Application/User/mc_interface.o
                0x000000000800139c                MCI_GetCurrentFaults
 .text.MCI_StartMotor
                0x00000000080013a0       0x2c Application/User/mc_interface.o
                0x00000000080013a0                MCI_StartMotor
 .text.MCI_StopMotor
                0x00000000080013cc       0x44 Application/User/mc_interface.o
                0x00000000080013cc                MCI_StopMotor
 .text.MCI_FaultAcknowledged
                0x0000000008001410       0x24 Application/User/mc_interface.o
                0x0000000008001410                MCI_FaultAcknowledged
 .text.MCI_GetFaultState
                0x0000000008001434        0xc Application/User/mc_interface.o
                0x0000000008001434                MCI_GetFaultState
 .text.MCI_GetControlMode
                0x0000000008001440        0x8 Application/User/mc_interface.o
                0x0000000008001440                MCI_GetControlMode
 .text.MCI_GetLastRampFinalSpeed
                0x0000000008001448        0x8 Application/User/mc_interface.o
                0x0000000008001448                MCI_GetLastRampFinalSpeed
 .text.MCI_GetLastRampFinalTorque
                0x0000000008001450        0x8 Application/User/mc_interface.o
                0x0000000008001450                MCI_GetLastRampFinalTorque
 .text.MCI_GetLastRampFinalDuration
                0x0000000008001458        0x4 Application/User/mc_interface.o
                0x0000000008001458                MCI_GetLastRampFinalDuration
 .text.MCI_StopRamp
                0x000000000800145c        0x8 Application/User/mc_interface.o
                0x000000000800145c                MCI_StopRamp
 .text.MCI_GetAvrgMecSpeedUnit
                0x0000000008001464       0x10 Application/User/mc_interface.o
                0x0000000008001464                MCI_GetAvrgMecSpeedUnit
 .text.MCI_GetMecSpeedRefUnit
                0x0000000008001474        0x8 Application/User/mc_interface.o
                0x0000000008001474                MCI_GetMecSpeedRefUnit
 .text.MCI_GetIab
                0x000000000800147c       0x10 Application/User/mc_interface.o
                0x000000000800147c                MCI_GetIab
 .text.MCI_GetIalphabeta
                0x000000000800148c       0x10 Application/User/mc_interface.o
                0x000000000800148c                MCI_GetIalphabeta
 .text.MCI_GetIqd
                0x000000000800149c       0x10 Application/User/mc_interface.o
                0x000000000800149c                MCI_GetIqd
 .text.MCI_GetIqdref
                0x00000000080014ac       0x10 Application/User/mc_interface.o
                0x00000000080014ac                MCI_GetIqdref
 .text.MCI_GetVqd
                0x00000000080014bc       0x14 Application/User/mc_interface.o
                0x00000000080014bc                MCI_GetVqd
 .text.MCI_GetValphabeta
                0x00000000080014d0       0x14 Application/User/mc_interface.o
                0x00000000080014d0                MCI_GetValphabeta
 .text.MCI_GetTeref
                0x00000000080014e4        0x8 Application/User/mc_interface.o
                0x00000000080014e4                MCI_GetTeref
 .text.MCI_Clear_Iqdref
                0x00000000080014ec       0x14 Application/User/mc_interface.o
                0x00000000080014ec                MCI_Clear_Iqdref
 .text.MCM_Clarke
                0x0000000008001500       0x4c Application/User/mc_math.o
                0x0000000008001500                MCM_Clarke
 .text.MCM_Trig_Functions
                0x000000000800154c       0x2c Application/User/mc_math.o
                0x000000000800154c                MCM_Trig_Functions
 .text.MCM_Park
                0x0000000008001578       0x74 Application/User/mc_math.o
                0x0000000008001578                MCM_Park
 .text.MCM_Rev_Park
                0x00000000080015ec       0x3c Application/User/mc_math.o
                0x00000000080015ec                MCM_Rev_Park
 .text.MCM_Sqrt
                0x0000000008001628       0x20 Application/User/mc_math.o
                0x0000000008001628                MCM_Sqrt
 .text.FOC_Clear
                0x0000000008001648       0x7c Application/User/mc_tasks.o
                0x0000000008001648                FOC_Clear
 .text.MCboot   0x00000000080016c4      0x150 Application/User/mc_tasks.o
                0x00000000080016c4                MCboot
 .text.FOC_InitAdditionalMethods
                0x0000000008001814        0x4 Application/User/mc_tasks.o
                0x0000000008001814                FOC_InitAdditionalMethods
 .text.FOC_CalcCurrRef
                0x0000000008001818       0x2c Application/User/mc_tasks.o
                0x0000000008001818                FOC_CalcCurrRef
 .text.TSK_SetChargeBootCapDelayM1
                0x0000000008001844        0xc Application/User/mc_tasks.o
                0x0000000008001844                TSK_SetChargeBootCapDelayM1
 .text.TSK_ChargeBootCapDelayHasElapsedM1
                0x0000000008001850       0x14 Application/User/mc_tasks.o
                0x0000000008001850                TSK_ChargeBootCapDelayHasElapsedM1
 .text.TSK_SetStopPermanencyTimeM1
                0x0000000008001864        0xc Application/User/mc_tasks.o
                0x0000000008001864                TSK_SetStopPermanencyTimeM1
 .text.TSK_StopPermanencyTimeHasElapsedM1
                0x0000000008001870       0x14 Application/User/mc_tasks.o
                0x0000000008001870                TSK_StopPermanencyTimeHasElapsedM1
 .text.TSK_MediumFrequencyTaskM1
                0x0000000008001884      0x2b0 Application/User/mc_tasks.o
                0x0000000008001884                TSK_MediumFrequencyTaskM1
 .text.MC_Scheduler
                0x0000000008001b34       0x90 Application/User/mc_tasks.o
                0x0000000008001b34                MC_Scheduler
 .text.TSK_HighFrequencyTask
                0x0000000008001bc4      0x108 Application/User/mc_tasks.o
                0x0000000008001bc4                TSK_HighFrequencyTask
 .text.TSK_SafetyTask_PWMOFF
                0x0000000008001ccc       0xa8 Application/User/mc_tasks.o
                0x0000000008001ccc                TSK_SafetyTask_PWMOFF
 .text.TSK_SafetyTask
                0x0000000008001d74       0x20 Application/User/mc_tasks.o
                0x0000000008001d74                TSK_SafetyTask
 .text.MC_RunMotorControlTasks
                0x0000000008001d94       0x18 Application/User/mc_tasks.o
                0x0000000008001d94                MC_RunMotorControlTasks
 .text.TSK_HardwareFaultTask
                0x0000000008001dac       0x20 Application/User/mc_tasks.o
                0x0000000008001dac                TSK_HardwareFaultTask
 .text.UI_HandleStartStopButton_cb
                0x0000000008001dcc       0x18 Application/User/mc_tasks.o
                0x0000000008001dcc                UI_HandleStartStopButton_cb
 .text.mc_lock_pins
                0x0000000008001de4      0x144 Application/User/mc_tasks.o
                0x0000000008001de4                mc_lock_pins
 .text.MX_MotorControl_Init
                0x0000000008001f28       0x3c Application/User/motorcontrol.o
                0x0000000008001f28                MX_MotorControl_Init
 .text.PWMC_GetPhaseCurrents
                0x0000000008001f64        0x4 Application/User/pwm_curr_fdbk.o
                0x0000000008001f64                PWMC_GetPhaseCurrents
 .text.PWMC_SetPhaseVoltage
                0x0000000008001f68      0x238 Application/User/pwm_curr_fdbk.o
                0x0000000008001f68                PWMC_SetPhaseVoltage
 .text.PWMC_SwitchOffPWM
                0x00000000080021a0        0x4 Application/User/pwm_curr_fdbk.o
                0x00000000080021a0                PWMC_SwitchOffPWM
 .text.PWMC_SwitchOnPWM
                0x00000000080021a4        0x4 Application/User/pwm_curr_fdbk.o
                0x00000000080021a4                PWMC_SwitchOnPWM
 .text.PWMC_CurrentReadingCalibr
                0x00000000080021a8       0x48 Application/User/pwm_curr_fdbk.o
                0x00000000080021a8                PWMC_CurrentReadingCalibr
 .text.PWMC_CheckOverCurrent
                0x00000000080021f0        0x4 Application/User/pwm_curr_fdbk.o
                0x00000000080021f0                PWMC_CheckOverCurrent
 .text.RI_SetRegCommandParser
                0x00000000080021f4      0x5e8 Application/User/register_interface.o
                0x00000000080021f4                RI_SetRegCommandParser
 .text.RI_GetRegCommandParser
                0x00000000080027dc      0x888 Application/User/register_interface.o
                0x00000000080027dc                RI_GetRegCommandParser
 .text.RI_GetIDSize
                0x0000000008003064       0x18 Application/User/register_interface.o
                0x0000000008003064                RI_GetIDSize
 .text.RI_GetPtrReg
                0x000000000800307c      0x120 Application/User/register_interface.o
                0x000000000800307c                RI_GetPtrReg
 .text.RCM_RegisterRegConv
                0x000000000800319c      0x1b0 Application/User/regular_conversion_manager.o
                0x000000000800319c                RCM_RegisterRegConv
 .text.RCM_ExecRegularConv
                0x000000000800334c      0x180 Application/User/regular_conversion_manager.o
                0x000000000800334c                RCM_ExecRegularConv
 .text.RCM_ExecUserConv
                0x00000000080034cc      0x1d4 Application/User/regular_conversion_manager.o
                0x00000000080034cc                RCM_ExecUserConv
 .text.RCM_ExecNextConv
                0x00000000080036a0       0x84 Application/User/regular_conversion_manager.o
                0x00000000080036a0                RCM_ExecNextConv
 .text.RCM_ReadOngoingConv
                0x0000000008003724       0x50 Application/User/regular_conversion_manager.o
                0x0000000008003724                RCM_ReadOngoingConv
 .text.HAL_MspInit
                0x0000000008003774       0x40 Application/User/stm32g4xx_hal_msp.o
                0x0000000008003774                HAL_MspInit
 .text.HAL_ADC_MspInit
                0x00000000080037b4      0x12c Application/User/stm32g4xx_hal_msp.o
                0x00000000080037b4                HAL_ADC_MspInit
 .text.HAL_CORDIC_MspInit
                0x00000000080038e0       0x30 Application/User/stm32g4xx_hal_msp.o
                0x00000000080038e0                HAL_CORDIC_MspInit
 .text.HAL_TIM_Base_MspInit
                0x0000000008003910       0x6c Application/User/stm32g4xx_hal_msp.o
                0x0000000008003910                HAL_TIM_Base_MspInit
 .text.HAL_TIM_Encoder_MspInit
                0x000000000800397c       0x8c Application/User/stm32g4xx_hal_msp.o
                0x000000000800397c                HAL_TIM_Encoder_MspInit
 .text.HAL_TIM_MspPostInit
                0x0000000008003a08       0x5c Application/User/stm32g4xx_hal_msp.o
                0x0000000008003a08                HAL_TIM_MspPostInit
 .text.HAL_UART_MspInit
                0x0000000008003a64       0xf8 Application/User/stm32g4xx_hal_msp.o
                0x0000000008003a64                HAL_UART_MspInit
 .text.ADC1_2_IRQHandler
                0x0000000008003b5c        0xc Application/User/stm32g4xx_mc_it.o
                0x0000000008003b5c                ADC1_2_IRQHandler
 .text.TIM1_UP_TIM16_IRQHandler
                0x0000000008003b68       0x18 Application/User/stm32g4xx_mc_it.o
                0x0000000008003b68                TIM1_UP_TIM16_IRQHandler
 .text.TIM1_BRK_TIM15_IRQHandler
                0x0000000008003b80       0x3c Application/User/stm32g4xx_mc_it.o
                0x0000000008003b80                TIM1_BRK_TIM15_IRQHandler
 .text.TIM2_IRQHandler
                0x0000000008003bbc       0x20 Application/User/stm32g4xx_mc_it.o
                0x0000000008003bbc                TIM2_IRQHandler
 .text.DMA1_Channel1_IRQHandler
                0x0000000008003bdc       0x1c Application/User/stm32g4xx_mc_it.o
                0x0000000008003bdc                DMA1_Channel1_IRQHandler
 .text.USART2_IRQHandler
                0x0000000008003bf8       0xdc Application/User/stm32g4xx_mc_it.o
                0x0000000008003bf8                USART2_IRQHandler
 .text.HardFault_Handler
                0x0000000008003cd4        0x8 Application/User/stm32g4xx_mc_it.o
                0x0000000008003cd4                HardFault_Handler
 .text.SysTick_Handler
                0x0000000008003cdc       0x34 Application/User/stm32g4xx_mc_it.o
                0x0000000008003cdc                SysTick_Handler
 .text.EXTI15_10_IRQHandler
                0x0000000008003d10       0x38 Application/User/stm32g4xx_mc_it.o
                0x0000000008003d10                EXTI15_10_IRQHandler
 .text.UASPEP_INIT
                0x0000000008003d48       0x90 Application/User/usart_aspep_driver.o
                0x0000000008003d48                UASPEP_INIT
 .text.UASPEP_SEND_PACKET
                0x0000000008003dd8       0x38 Application/User/usart_aspep_driver.o
                0x0000000008003dd8                UASPEP_SEND_PACKET
 .text.UASPEP_RECEIVE_BUFFER
                0x0000000008003e10       0x30 Application/User/usart_aspep_driver.o
                0x0000000008003e10                UASPEP_RECEIVE_BUFFER
 .text.UASPEP_IDLE_ENABLE
                0x0000000008003e40       0x18 Application/User/usart_aspep_driver.o
                0x0000000008003e40                UASPEP_IDLE_ENABLE
 .text.SystemInit
                0x0000000008003e58       0x14 Drivers/CMSIS/system_stm32g4xx.o
                0x0000000008003e58                SystemInit
 .text.HAL_InitTick
                0x0000000008003e6c       0x4c Drivers/STM32G4xx_HAL_Driver/stm32g4xx_hal.o
                0x0000000008003e6c                HAL_InitTick
 .text.HAL_Init
                0x0000000008003eb8       0x28 Drivers/STM32G4xx_HAL_Driver/stm32g4xx_hal.o
                0x0000000008003eb8                HAL_Init
 .text.HAL_IncTick
                0x0000000008003ee0       0x18 Drivers/STM32G4xx_HAL_Driver/stm32g4xx_hal.o
                0x0000000008003ee0                HAL_IncTick
 .text.HAL_GetTick
                0x0000000008003ef8        0xc Drivers/STM32G4xx_HAL_Driver/stm32g4xx_hal.o
                0x0000000008003ef8                HAL_GetTick
 .text.HAL_ADC_Init
                0x0000000008003f04      0x220 Drivers/STM32G4xx_HAL_Driver/stm32g4xx_hal_adc.o
                0x0000000008003f04                HAL_ADC_Init
 .text.HAL_ADC_ConfigChannel
                0x0000000008004124      0x460 Drivers/STM32G4xx_HAL_Driver/stm32g4xx_hal_adc.o
                0x0000000008004124                HAL_ADC_ConfigChannel
 .text.HAL_ADCEx_InjectedConfigChannel
                0x0000000008004584      0x594 Drivers/STM32G4xx_HAL_Driver/stm32g4xx_hal_adc_ex.o
                0x0000000008004584                HAL_ADCEx_InjectedConfigChannel
 .text.HAL_ADCEx_MultiModeConfigChannel
                0x0000000008004b18       0xdc Drivers/STM32G4xx_HAL_Driver/stm32g4xx_hal_adc_ex.o
                0x0000000008004b18                HAL_ADCEx_MultiModeConfigChannel
 .text.HAL_CORDIC_Init
                0x0000000008004bf4       0x34 Drivers/STM32G4xx_HAL_Driver/stm32g4xx_hal_cordic.o
                0x0000000008004bf4                HAL_CORDIC_Init
 .text.HAL_NVIC_SetPriorityGrouping
                0x0000000008004c28       0x24 Drivers/STM32G4xx_HAL_Driver/stm32g4xx_hal_cortex.o
                0x0000000008004c28                HAL_NVIC_SetPriorityGrouping
 .text.HAL_NVIC_SetPriority
                0x0000000008004c4c       0x6c Drivers/STM32G4xx_HAL_Driver/stm32g4xx_hal_cortex.o
                0x0000000008004c4c                HAL_NVIC_SetPriority
 .text.HAL_NVIC_EnableIRQ
                0x0000000008004cb8       0x1c Drivers/STM32G4xx_HAL_Driver/stm32g4xx_hal_cortex.o
                0x0000000008004cb8                HAL_NVIC_EnableIRQ
 .text.HAL_SYSTICK_Config
                0x0000000008004cd4       0x34 Drivers/STM32G4xx_HAL_Driver/stm32g4xx_hal_cortex.o
                0x0000000008004cd4                HAL_SYSTICK_Config
 .text.HAL_SYSTICK_Callback
                0x0000000008004d08        0x4 Drivers/STM32G4xx_HAL_Driver/stm32g4xx_hal_cortex.o
                0x0000000008004d08                HAL_SYSTICK_Callback
 .text.HAL_SYSTICK_IRQHandler
                0x0000000008004d0c        0x8 Drivers/STM32G4xx_HAL_Driver/stm32g4xx_hal_cortex.o
                0x0000000008004d0c                HAL_SYSTICK_IRQHandler
 .text.HAL_DMA_Init
                0x0000000008004d14      0x130 Drivers/STM32G4xx_HAL_Driver/stm32g4xx_hal_dma.o
                0x0000000008004d14                HAL_DMA_Init
 .text.HAL_GPIO_Init
                0x0000000008004e44      0x1c0 Drivers/STM32G4xx_HAL_Driver/stm32g4xx_hal_gpio.o
                0x0000000008004e44                HAL_GPIO_Init
 .text.HAL_GPIO_WritePin
                0x0000000008005004        0xc Drivers/STM32G4xx_HAL_Driver/stm32g4xx_hal_gpio.o
                0x0000000008005004                HAL_GPIO_WritePin
 .text.HAL_PWREx_ControlVoltageScaling
                0x0000000008005010       0xfc Drivers/STM32G4xx_HAL_Driver/stm32g4xx_hal_pwr_ex.o
                0x0000000008005010                HAL_PWREx_ControlVoltageScaling
 .text.HAL_PWREx_DisableUCPDDeadBattery
                0x000000000800510c       0x10 Drivers/STM32G4xx_HAL_Driver/stm32g4xx_hal_pwr_ex.o
                0x000000000800510c                HAL_PWREx_DisableUCPDDeadBattery
 .text.HAL_RCC_OscConfig
                0x000000000800511c      0x4a4 Drivers/STM32G4xx_HAL_Driver/stm32g4xx_hal_rcc.o
                0x000000000800511c                HAL_RCC_OscConfig
 .text.HAL_RCC_ClockConfig
                0x00000000080055c0      0x2dc Drivers/STM32G4xx_HAL_Driver/stm32g4xx_hal_rcc.o
                0x00000000080055c0                HAL_RCC_ClockConfig
 .text.HAL_RCC_GetSysClockFreq
                0x000000000800589c       0x70 Drivers/STM32G4xx_HAL_Driver/stm32g4xx_hal_rcc.o
                0x000000000800589c                HAL_RCC_GetSysClockFreq
 .text.HAL_RCC_GetHCLKFreq
                0x000000000800590c        0xc Drivers/STM32G4xx_HAL_Driver/stm32g4xx_hal_rcc.o
                0x000000000800590c                HAL_RCC_GetHCLKFreq
 .text.HAL_RCC_GetPCLK1Freq
                0x0000000008005918       0x24 Drivers/STM32G4xx_HAL_Driver/stm32g4xx_hal_rcc.o
                0x0000000008005918                HAL_RCC_GetPCLK1Freq
 .text.HAL_RCC_GetPCLK2Freq
                0x000000000800593c       0x24 Drivers/STM32G4xx_HAL_Driver/stm32g4xx_hal_rcc.o
                0x000000000800593c                HAL_RCC_GetPCLK2Freq
 .text.HAL_RCC_EnableCSS
                0x0000000008005960       0x10 Drivers/STM32G4xx_HAL_Driver/stm32g4xx_hal_rcc.o
                0x0000000008005960                HAL_RCC_EnableCSS
 .text.HAL_RCCEx_PeriphCLKConfig
                0x0000000008005970      0x298 Drivers/STM32G4xx_HAL_Driver/stm32g4xx_hal_rcc_ex.o
                0x0000000008005970                HAL_RCCEx_PeriphCLKConfig
 .text.HAL_TIM_Base_Init
                0x0000000008005c08      0x13c Drivers/STM32G4xx_HAL_Driver/stm32g4xx_hal_tim.o
                0x0000000008005c08                HAL_TIM_Base_Init
 .text.HAL_TIM_PWM_MspInit
                0x0000000008005d44        0x4 Drivers/STM32G4xx_HAL_Driver/stm32g4xx_hal_tim.o
                0x0000000008005d44                HAL_TIM_PWM_MspInit
 .text.HAL_TIM_PWM_Init
                0x0000000008005d48      0x13c Drivers/STM32G4xx_HAL_Driver/stm32g4xx_hal_tim.o
                0x0000000008005d48                HAL_TIM_PWM_Init
 .text.HAL_TIM_Encoder_Init
                0x0000000008005e84      0x1a4 Drivers/STM32G4xx_HAL_Driver/stm32g4xx_hal_tim.o
                0x0000000008005e84                HAL_TIM_Encoder_Init
 .text.HAL_TIM_PWM_ConfigChannel
                0x0000000008006028      0x3e8 Drivers/STM32G4xx_HAL_Driver/stm32g4xx_hal_tim.o
                0x0000000008006028                HAL_TIM_PWM_ConfigChannel
 .text.HAL_TIM_SlaveConfigSynchro
                0x0000000008006410      0x144 Drivers/STM32G4xx_HAL_Driver/stm32g4xx_hal_tim.o
                0x0000000008006410                HAL_TIM_SlaveConfigSynchro
 .text.HAL_TIMEx_MasterConfigSynchronization
                0x0000000008006554       0xa8 Drivers/STM32G4xx_HAL_Driver/stm32g4xx_hal_tim_ex.o
                0x0000000008006554                HAL_TIMEx_MasterConfigSynchronization
 .text.HAL_TIMEx_ConfigBreakDeadTime
                0x00000000080065fc       0x9c Drivers/STM32G4xx_HAL_Driver/stm32g4xx_hal_tim_ex.o
                0x00000000080065fc                HAL_TIMEx_ConfigBreakDeadTime
 .text.HAL_TIMEx_ConfigBreakInput
                0x0000000008006698       0xc8 Drivers/STM32G4xx_HAL_Driver/stm32g4xx_hal_tim_ex.o
                0x0000000008006698                HAL_TIMEx_ConfigBreakInput
 .text.UART_AdvFeatureConfig
                0x0000000008006760       0xb0 Drivers/STM32G4xx_HAL_Driver/stm32g4xx_hal_uart.o
                0x0000000008006760                UART_AdvFeatureConfig
 .text.HAL_UART_Init
                0x0000000008006810      0x4c8 Drivers/STM32G4xx_HAL_Driver/stm32g4xx_hal_uart.o
                0x0000000008006810                HAL_UART_Init
 .text.HAL_UARTEx_DisableFifoMode
                0x0000000008006cd8       0x3c Drivers/STM32G4xx_HAL_Driver/stm32g4xx_hal_uart_ex.o
                0x0000000008006cd8                HAL_UARTEx_DisableFifoMode
 .text.HAL_UARTEx_SetTxFifoThreshold
                0x0000000008006d14       0x7c Drivers/STM32G4xx_HAL_Driver/stm32g4xx_hal_uart_ex.o
                0x0000000008006d14                HAL_UARTEx_SetTxFifoThreshold
 .text.HAL_UARTEx_SetRxFifoThreshold
                0x0000000008006d90       0x7c Drivers/STM32G4xx_HAL_Driver/stm32g4xx_hal_uart_ex.o
                0x0000000008006d90                HAL_UARTEx_SetRxFifoThreshold
 .text.VBS_GetAvBusVoltage_V
                0x0000000008006e0c        0xc Middlewares/MotorControl/bus_voltage_sensor.o
                0x0000000008006e0c                VBS_GetAvBusVoltage_V
 .text.Circle_Limitation
                0x0000000008006e18       0x68 Middlewares/MotorControl/circle_limitation.o
                0x0000000008006e18                Circle_Limitation
 .text.EAC_Init
                0x0000000008006e80       0x14 Middlewares/MotorControl/enc_align_ctrl.o
                0x0000000008006e80                EAC_Init
 .text.EAC_StartAlignment
                0x0000000008006e94       0x50 Middlewares/MotorControl/enc_align_ctrl.o
                0x0000000008006e94                EAC_StartAlignment
 .text.EAC_Exec
                0x0000000008006ee4       0x30 Middlewares/MotorControl/enc_align_ctrl.o
                0x0000000008006ee4                EAC_Exec
 .text.EAC_IsAligned
                0x0000000008006f14        0x4 Middlewares/MotorControl/enc_align_ctrl.o
                0x0000000008006f14                EAC_IsAligned
 .text.EAC_SetRestartState
                0x0000000008006f18        0x4 Middlewares/MotorControl/enc_align_ctrl.o
                0x0000000008006f18                EAC_SetRestartState
 .text.ENC_Init
                0x0000000008006f1c       0x7c Middlewares/MotorControl/encoder_speed_pos_fdbk.o
                0x0000000008006f1c                ENC_Init
 .text.ENC_Clear
                0x0000000008006f98       0x24 Middlewares/MotorControl/encoder_speed_pos_fdbk.o
                0x0000000008006f98                ENC_Clear
 .text.ENC_CalcAngle
                0x0000000008006fbc       0x34 Middlewares/MotorControl/encoder_speed_pos_fdbk.o
                0x0000000008006fbc                ENC_CalcAngle
 .text.ENC_CalcAvrgMecSpeedUnit
                0x0000000008006ff0      0x1b4 Middlewares/MotorControl/encoder_speed_pos_fdbk.o
                0x0000000008006ff0                ENC_CalcAvrgMecSpeedUnit
 .text.ENC_SetMecAngle
                0x00000000080071a4       0x34 Middlewares/MotorControl/encoder_speed_pos_fdbk.o
                0x00000000080071a4                ENC_SetMecAngle
 .text.ENC_IRQHandler
                0x00000000080071d8       0x14 Middlewares/MotorControl/encoder_speed_pos_fdbk.o
                0x00000000080071d8                ENC_IRQHandler
 .text.MCP_ReceivedPacket
                0x00000000080071ec      0x16c Middlewares/MotorControl/mcp.o
                0x00000000080071ec                MCP_ReceivedPacket
 .text.MCPA_dataLog
                0x0000000008007358      0x178 Middlewares/MotorControl/mcpa.o
                0x0000000008007358                MCPA_dataLog
 .text.MCPA_flushDataLog
                0x00000000080074d0       0x5c Middlewares/MotorControl/mcpa.o
                0x00000000080074d0                MCPA_flushDataLog
 .text.MCPA_cfgLog
                0x000000000800752c       0xe8 Middlewares/MotorControl/mcpa.o
                0x000000000800752c                MCPA_cfgLog
 .text.NTC_SetFaultState
                0x0000000008007614       0x1c Middlewares/MotorControl/ntc_temperature_sensor.o
                0x0000000008007614                NTC_SetFaultState
 .text.NTC_Clear
                0x0000000008007630        0x8 Middlewares/MotorControl/ntc_temperature_sensor.o
                0x0000000008007630                NTC_Clear
 .text.NTC_Init
                0x0000000008007638       0x24 Middlewares/MotorControl/ntc_temperature_sensor.o
                0x0000000008007638                NTC_Init
 .text.NTC_CalcAvTemp
                0x000000000800765c       0x3c Middlewares/MotorControl/ntc_temperature_sensor.o
                0x000000000800765c                NTC_CalcAvTemp
 .text.NTC_GetAvTemp_C
                0x0000000008007698       0x24 Middlewares/MotorControl/ntc_temperature_sensor.o
                0x0000000008007698                NTC_GetAvTemp_C
 .text.PID_HandleInit
                0x00000000080076bc       0x10 Middlewares/MotorControl/pid_regulator.o
                0x00000000080076bc                PID_HandleInit
 .text.PID_SetKP
                0x00000000080076cc        0x4 Middlewares/MotorControl/pid_regulator.o
                0x00000000080076cc                PID_SetKP
 .text.PID_SetKI
                0x00000000080076d0        0x4 Middlewares/MotorControl/pid_regulator.o
                0x00000000080076d0                PID_SetKI
 .text.PID_GetKP
                0x00000000080076d4        0x8 Middlewares/MotorControl/pid_regulator.o
                0x00000000080076d4                PID_GetKP
 .text.PID_GetKI
                0x00000000080076dc        0x8 Middlewares/MotorControl/pid_regulator.o
                0x00000000080076dc                PID_GetKI
 .text.PID_SetIntegralTerm
                0x00000000080076e4        0x4 Middlewares/MotorControl/pid_regulator.o
                0x00000000080076e4                PID_SetIntegralTerm
 .text.PID_GetKPDivisorPOW2
                0x00000000080076e8        0x4 Middlewares/MotorControl/pid_regulator.o
                0x00000000080076e8                PID_GetKPDivisorPOW2
 .text.PID_SetKPDivisorPOW2
                0x00000000080076ec        0xc Middlewares/MotorControl/pid_regulator.o
                0x00000000080076ec                PID_SetKPDivisorPOW2
 .text.PID_GetKIDivisorPOW2
                0x00000000080076f8        0x4 Middlewares/MotorControl/pid_regulator.o
                0x00000000080076f8                PID_GetKIDivisorPOW2
 .text.PID_SetLowerIntegralTermLimit
                0x00000000080076fc        0x4 Middlewares/MotorControl/pid_regulator.o
                0x00000000080076fc                PID_SetLowerIntegralTermLimit
 .text.PID_SetUpperIntegralTermLimit
                0x0000000008007700        0x4 Middlewares/MotorControl/pid_regulator.o
                0x0000000008007700                PID_SetUpperIntegralTermLimit
 .text.PID_SetKIDivisorPOW2
                0x0000000008007704       0x28 Middlewares/MotorControl/pid_regulator.o
                0x0000000008007704                PID_SetKIDivisorPOW2
 .text.PID_SetKD
                0x000000000800772c        0x4 Middlewares/MotorControl/pid_regulator.o
                0x000000000800772c                PID_SetKD
 .text.PID_GetKD
                0x0000000008007730        0x8 Middlewares/MotorControl/pid_regulator.o
                0x0000000008007730                PID_GetKD
 .text.PID_GetKDDivisorPOW2
                0x0000000008007738        0x4 Middlewares/MotorControl/pid_regulator.o
                0x0000000008007738                PID_GetKDDivisorPOW2
 .text.PID_SetKDDivisorPOW2
                0x000000000800773c        0xc Middlewares/MotorControl/pid_regulator.o
                0x000000000800773c                PID_SetKDDivisorPOW2
 .text.PI_Controller
                0x0000000008007748       0x88 Middlewares/MotorControl/pid_regulator.o
                0x0000000008007748                PI_Controller
 .text.PID_Controller
                0x00000000080077d0       0x40 Middlewares/MotorControl/pid_regulator.o
                0x00000000080077d0                PID_Controller
 .text.PQD_CalcElMotorPower
                0x0000000008007810       0x30 Middlewares/MotorControl/pqd_motor_power_measurement.o
                0x0000000008007810                PQD_CalcElMotorPower
 .text.PQD_Clear
                0x0000000008007840        0x8 Middlewares/MotorControl/pqd_motor_power_measurement.o
                0x0000000008007840                PQD_Clear
 .text.PQD_GetAvrgElMotorPowerW
                0x0000000008007848       0x24 Middlewares/MotorControl/pqd_motor_power_measurement.o
                0x0000000008007848                PQD_GetAvrgElMotorPowerW
 .text.startTimers
                0x000000000800786c       0x70 Middlewares/MotorControl/pwm_common.o
                0x000000000800786c                startTimers
 .text.waitForPolarizationEnd
                0x00000000080078dc       0x38 Middlewares/MotorControl/pwm_common.o
                0x00000000080078dc                waitForPolarizationEnd
 .text.R3_2_ADCxInit
                0x0000000008007914       0xb4 Middlewares/MotorControl/r3_2_g4xx_pwm_curr_fdbk.o
 .text.R3_2_GetPhaseCurrents
                0x00000000080079c8      0x194 Middlewares/MotorControl/r3_2_g4xx_pwm_curr_fdbk.o
                0x00000000080079c8                R3_2_GetPhaseCurrents
 .text.R3_2_SetADCSampPointPolarization
                0x0000000008007b5c       0x40 Middlewares/MotorControl/r3_2_g4xx_pwm_curr_fdbk.o
                0x0000000008007b5c                R3_2_SetADCSampPointPolarization
 .text.R3_2_HFCurrentsPolarizationAB
                0x0000000008007b9c       0x54 Middlewares/MotorControl/r3_2_g4xx_pwm_curr_fdbk.o
 .text.R3_2_HFCurrentsPolarizationC
                0x0000000008007bf0       0x4c Middlewares/MotorControl/r3_2_g4xx_pwm_curr_fdbk.o
 .text.R3_2_TurnOnLowSides
                0x0000000008007c3c       0x4c Middlewares/MotorControl/r3_2_g4xx_pwm_curr_fdbk.o
                0x0000000008007c3c                R3_2_TurnOnLowSides
 .text.R3_2_SwitchOnPWM
                0x0000000008007c88       0x94 Middlewares/MotorControl/r3_2_g4xx_pwm_curr_fdbk.o
                0x0000000008007c88                R3_2_SwitchOnPWM
 .text.R3_2_SwitchOffPWM
                0x0000000008007d1c       0x64 Middlewares/MotorControl/r3_2_g4xx_pwm_curr_fdbk.o
                0x0000000008007d1c                R3_2_SwitchOffPWM
 .text.R3_2_RLGetPhaseCurrents
                0x0000000008007d80       0x60 Middlewares/MotorControl/r3_2_g4xx_pwm_curr_fdbk.o
 .text.R3_2_RLTurnOnLowSides
                0x0000000008007de0       0x4c Middlewares/MotorControl/r3_2_g4xx_pwm_curr_fdbk.o
 .text.R3_2_RLSwitchOnPWM
                0x0000000008007e2c       0xb4 Middlewares/MotorControl/r3_2_g4xx_pwm_curr_fdbk.o
 .text.R3_2_Init
                0x0000000008007ee0      0x4ec Middlewares/MotorControl/r3_2_g4xx_pwm_curr_fdbk.o
                0x0000000008007ee0                R3_2_Init
 .text.R3_2_SetOffsetCalib
                0x00000000080083cc       0x1c Middlewares/MotorControl/r3_2_g4xx_pwm_curr_fdbk.o
                0x00000000080083cc                R3_2_SetOffsetCalib
 .text.R3_2_GetOffsetCalib
                0x00000000080083e8       0x14 Middlewares/MotorControl/r3_2_g4xx_pwm_curr_fdbk.o
                0x00000000080083e8                R3_2_GetOffsetCalib
 .text.R3_2_CurrentReadingPolarization
                0x00000000080083fc      0x16c Middlewares/MotorControl/r3_2_g4xx_pwm_curr_fdbk.o
                0x00000000080083fc                R3_2_CurrentReadingPolarization
 .text.R3_2_SetADCSampPointSectX
                0x0000000008008568       0x84 Middlewares/MotorControl/r3_2_g4xx_pwm_curr_fdbk.o
                0x0000000008008568                R3_2_SetADCSampPointSectX
 .text.R3_2_TIMx_UP_IRQHandler
                0x00000000080085ec       0x7c Middlewares/MotorControl/r3_2_g4xx_pwm_curr_fdbk.o
                0x00000000080085ec                R3_2_TIMx_UP_IRQHandler
 .text.R3_2_BRK2_IRQHandler
                0x0000000008008668       0x48 Middlewares/MotorControl/r3_2_g4xx_pwm_curr_fdbk.o
                0x0000000008008668                R3_2_BRK2_IRQHandler
 .text.R3_2_BRK_IRQHandler
                0x00000000080086b0       0x24 Middlewares/MotorControl/r3_2_g4xx_pwm_curr_fdbk.o
                0x00000000080086b0                R3_2_BRK_IRQHandler
 .text.R3_2_IsOverCurrentOccurred
                0x00000000080086d4       0x28 Middlewares/MotorControl/r3_2_g4xx_pwm_curr_fdbk.o
                0x00000000080086d4                R3_2_IsOverCurrentOccurred
 .text.R3_2_RLDetectionModeEnable
                0x00000000080086fc       0xd4 Middlewares/MotorControl/r3_2_g4xx_pwm_curr_fdbk.o
                0x00000000080086fc                R3_2_RLDetectionModeEnable
 .text.R3_2_RLDetectionModeDisable
                0x00000000080087d0      0x128 Middlewares/MotorControl/r3_2_g4xx_pwm_curr_fdbk.o
                0x00000000080087d0                R3_2_RLDetectionModeDisable
 .text.R3_2_RLDetectionModeSetDuty
                0x00000000080088f8       0x80 Middlewares/MotorControl/r3_2_g4xx_pwm_curr_fdbk.o
                0x00000000080088f8                R3_2_RLDetectionModeSetDuty
 .text.RVBS_Clear
                0x0000000008008978       0x3c Middlewares/MotorControl/r_divider_bus_voltage_sensor.o
                0x0000000008008978                RVBS_Clear
 .text.RVBS_Init
                0x00000000080089b4       0x18 Middlewares/MotorControl/r_divider_bus_voltage_sensor.o
                0x00000000080089b4                RVBS_Init
 .text.RVBS_CheckFaultState
                0x00000000080089cc       0x60 Middlewares/MotorControl/r_divider_bus_voltage_sensor.o
                0x00000000080089cc                RVBS_CheckFaultState
 .text.RVBS_CalcAvVbus
                0x0000000008008a2c       0x68 Middlewares/MotorControl/r_divider_bus_voltage_sensor.o
                0x0000000008008a2c                RVBS_CalcAvVbus
 .text.REMNG_Init
                0x0000000008008a94       0x10 Middlewares/MotorControl/ramp_ext_mngr.o
                0x0000000008008a94                REMNG_Init
 .text.SPD_GetElAngle
                0x0000000008008aa4        0x8 Middlewares/MotorControl/speed_pos_fdbk.o
                0x0000000008008aa4                SPD_GetElAngle
 .text.SPD_GetMecAngle
                0x0000000008008aac        0x4 Middlewares/MotorControl/speed_pos_fdbk.o
                0x0000000008008aac                SPD_GetMecAngle
 .text.SPD_GetAvrgMecSpeedUnit
                0x0000000008008ab0        0x8 Middlewares/MotorControl/speed_pos_fdbk.o
                0x0000000008008ab0                SPD_GetAvrgMecSpeedUnit
 .text.SPD_GetInstElSpeedDpp
                0x0000000008008ab8        0x8 Middlewares/MotorControl/speed_pos_fdbk.o
                0x0000000008008ab8                SPD_GetInstElSpeedDpp
 .text.SPD_IsMecSpeedReliable
                0x0000000008008ac0       0x60 Middlewares/MotorControl/speed_pos_fdbk.o
                0x0000000008008ac0                SPD_IsMecSpeedReliable
 .text.SPD_GetS16Speed
                0x0000000008008b20       0x14 Middlewares/MotorControl/speed_pos_fdbk.o
                0x0000000008008b20                SPD_GetS16Speed
 .text.STC_Init
                0x0000000008008b34       0x28 Middlewares/MotorControl/speed_torq_ctrl.o
                0x0000000008008b34                STC_Init
 .text.STC_SetSpeedSensor
                0x0000000008008b5c        0x4 Middlewares/MotorControl/speed_torq_ctrl.o
                0x0000000008008b5c                STC_SetSpeedSensor
 .text.STC_GetSpeedSensor
                0x0000000008008b60        0x4 Middlewares/MotorControl/speed_torq_ctrl.o
                0x0000000008008b60                STC_GetSpeedSensor
 .text.STC_Clear
                0x0000000008008b64       0x10 Middlewares/MotorControl/speed_torq_ctrl.o
                0x0000000008008b64                STC_Clear
 .text.STC_GetMecSpeedRefUnit
                0x0000000008008b74        0x8 Middlewares/MotorControl/speed_torq_ctrl.o
                0x0000000008008b74                STC_GetMecSpeedRefUnit
 .text.STC_GetTorqueRef
                0x0000000008008b7c        0x8 Middlewares/MotorControl/speed_torq_ctrl.o
                0x0000000008008b7c                STC_GetTorqueRef
 .text.STC_SetControlMode
                0x0000000008008b84        0x8 Middlewares/MotorControl/speed_torq_ctrl.o
                0x0000000008008b84                STC_SetControlMode
 .text.STC_ExecRamp
                0x0000000008008b8c       0x8c Middlewares/MotorControl/speed_torq_ctrl.o
                0x0000000008008b8c                STC_ExecRamp
 .text.STC_StopRamp
                0x0000000008008c18        0x8 Middlewares/MotorControl/speed_torq_ctrl.o
                0x0000000008008c18                STC_StopRamp
 .text.STC_CalcTorqueReference
                0x0000000008008c20       0x58 Middlewares/MotorControl/speed_torq_ctrl.o
                0x0000000008008c20                STC_CalcTorqueReference
 .text.STC_GetMecSpeedRefUnitDefault
                0x0000000008008c78        0x8 Middlewares/MotorControl/speed_torq_ctrl.o
                0x0000000008008c78                STC_GetMecSpeedRefUnitDefault
 .text.STC_GetDefaultIqdref
                0x0000000008008c80       0x18 Middlewares/MotorControl/speed_torq_ctrl.o
                0x0000000008008c80                STC_GetDefaultIqdref
 .text.STC_ForceSpeedReferenceToCurrentSpeed
                0x0000000008008c98       0x10 Middlewares/MotorControl/speed_torq_ctrl.o
                0x0000000008008c98                STC_ForceSpeedReferenceToCurrentSpeed
 .text.TC_Init  0x0000000008008ca8       0x48 Middlewares/MotorControl/trajectory_ctrl.o
                0x0000000008008ca8                TC_Init
 .text.TC_MoveCommand
                0x0000000008008cf0       0xe0 Middlewares/MotorControl/trajectory_ctrl.o
                0x0000000008008cf0                TC_MoveCommand
 .text.TC_FollowCommand
                0x0000000008008dd0       0x8c Middlewares/MotorControl/trajectory_ctrl.o
                0x0000000008008dd0                TC_FollowCommand
 .text.TC_PositionRegulation
                0x0000000008008e5c      0x19c Middlewares/MotorControl/trajectory_ctrl.o
                0x0000000008008e5c                TC_PositionRegulation
 .text.TC_EncAlignmentCommand
                0x0000000008008ff8      0x13c Middlewares/MotorControl/trajectory_ctrl.o
                0x0000000008008ff8                TC_EncAlignmentCommand
 .text.TC_EncoderReset
                0x0000000008009134       0x3c Middlewares/MotorControl/trajectory_ctrl.o
                0x0000000008009134                TC_EncoderReset
 .text.TC_GetCurrentPosition
                0x0000000008009170       0x24 Middlewares/MotorControl/trajectory_ctrl.o
                0x0000000008009170                TC_GetCurrentPosition
 .text.TC_GetTargetPosition
                0x0000000008009194        0x8 Middlewares/MotorControl/trajectory_ctrl.o
                0x0000000008009194                TC_GetTargetPosition
 .text.TC_GetMoveDuration
                0x000000000800919c        0x8 Middlewares/MotorControl/trajectory_ctrl.o
                0x000000000800919c                TC_GetMoveDuration
 .text.TC_GetControlPositionStatus
                0x00000000080091a4        0x8 Middlewares/MotorControl/trajectory_ctrl.o
                0x00000000080091a4                TC_GetControlPositionStatus
 .text.TC_GetAlignmentStatus
                0x00000000080091ac        0x8 Middlewares/MotorControl/trajectory_ctrl.o
                0x00000000080091ac                TC_GetAlignmentStatus
 .text.TC_IncTick
                0x00000000080091b4        0x8 Middlewares/MotorControl/trajectory_ctrl.o
                0x00000000080091b4                TC_IncTick
 .text.VSS_Clear
                0x00000000080091bc       0x28 Middlewares/MotorControl/virtual_speed_sensor.o
                0x00000000080091bc                VSS_Clear
 .text.VSS_Init
                0x00000000080091e4        0x8 Middlewares/MotorControl/virtual_speed_sensor.o
                0x00000000080091e4                VSS_Init
 .text.VSS_SetMecAngle
                0x00000000080091ec       0x10 Middlewares/MotorControl/virtual_speed_sensor.o
                0x00000000080091ec                VSS_SetMecAngle
 .text.VSS_SetMecAcceleration
                0x00000000080091fc       0x74 Middlewares/MotorControl/virtual_speed_sensor.o
                0x00000000080091fc                VSS_SetMecAcceleration
 .text.__libc_init_array
                0x0000000008009270       0x48 c:/st/stm32cubeide_1.0.2/stm32cubeide/plugins/com.st.stm32cube.ide.mcu.externaltools.gnu-tools-for-stm32.7-2018-q2-update.win32_1.0.0.201904181610/tools/bin/../lib/gcc/arm-none-eabi/7.3.1/../../../../arm-none-eabi/lib/thumb/v7e-m/fpv4-sp/hard\libc_nano.a(lib_a-init.o)
                0x0000000008009270                __libc_init_array
 .text.memcpy   0x00000000080092b8       0x16 c:/st/stm32cubeide_1.0.2/stm32cubeide/plugins/com.st.stm32cube.ide.mcu.externaltools.gnu-tools-for-stm32.7-2018-q2-update.win32_1.0.0.201904181610/tools/bin/../lib/gcc/arm-none-eabi/7.3.1/../../../../arm-none-eabi/lib/thumb/v7e-m/fpv4-sp/hard\libc_nano.a(lib_a-memcpy-stub.o)
                0x00000000080092b8                memcpy
 .text.memset   0x00000000080092ce       0x10 c:/st/stm32cubeide_1.0.2/stm32cubeide/plugins/com.st.stm32cube.ide.mcu.externaltools.gnu-tools-for-stm32.7-2018-q2-update.win32_1.0.0.201904181610/tools/bin/../lib/gcc/arm-none-eabi/7.3.1/../../../../arm-none-eabi/lib/thumb/v7e-m/fpv4-sp/hard\libc_nano.a(lib_a-memset.o)
                0x00000000080092ce                memset
 *(.glue_7)
 .glue_7        0x00000000080092de        0x0 linker stubs
 *(.glue_7t)
 .glue_7t       0x00000000080092de        0x0 linker stubs
 *(.eh_frame)
 *fill*         0x00000000080092de        0x2 
 .eh_frame      0x00000000080092e0        0x0 c:/st/stm32cubeide_1.0.2/stm32cubeide/plugins/com.st.stm32cube.ide.mcu.externaltools.gnu-tools-for-stm32.7-2018-q2-update.win32_1.0.0.201904181610/tools/bin/../lib/gcc/arm-none-eabi/7.3.1/thumb/v7e-m/fpv4-sp/hard/crtbegin.o
 *(.init)
 .init          0x00000000080092e0        0x4 c:/st/stm32cubeide_1.0.2/stm32cubeide/plugins/com.st.stm32cube.ide.mcu.externaltools.gnu-tools-for-stm32.7-2018-q2-update.win32_1.0.0.201904181610/tools/bin/../lib/gcc/arm-none-eabi/7.3.1/thumb/v7e-m/fpv4-sp/hard/crti.o
                0x00000000080092e0                _init
 .init          0x00000000080092e4        0x8 c:/st/stm32cubeide_1.0.2/stm32cubeide/plugins/com.st.stm32cube.ide.mcu.externaltools.gnu-tools-for-stm32.7-2018-q2-update.win32_1.0.0.201904181610/tools/bin/../lib/gcc/arm-none-eabi/7.3.1/thumb/v7e-m/fpv4-sp/hard/crtn.o
 *(.fini)
 .fini          0x00000000080092ec        0x4 c:/st/stm32cubeide_1.0.2/stm32cubeide/plugins/com.st.stm32cube.ide.mcu.externaltools.gnu-tools-for-stm32.7-2018-q2-update.win32_1.0.0.201904181610/tools/bin/../lib/gcc/arm-none-eabi/7.3.1/thumb/v7e-m/fpv4-sp/hard/crti.o
                0x00000000080092ec                _fini
 .fini          0x00000000080092f0        0x8 c:/st/stm32cubeide_1.0.2/stm32cubeide/plugins/com.st.stm32cube.ide.mcu.externaltools.gnu-tools-for-stm32.7-2018-q2-update.win32_1.0.0.201904181610/tools/bin/../lib/gcc/arm-none-eabi/7.3.1/thumb/v7e-m/fpv4-sp/hard/crtn.o
                0x00000000080092f8                . = ALIGN (0x4)
                0x00000000080092f8                _etext = .

.vfp11_veneer   0x00000000080092f8        0x0
 .vfp11_veneer  0x00000000080092f8        0x0 linker stubs

.v4_bx          0x00000000080092f8        0x0
 .v4_bx         0x00000000080092f8        0x0 linker stubs

.iplt           0x00000000080092f8        0x0
 .iplt          0x00000000080092f8        0x0 c:/st/stm32cubeide_1.0.2/stm32cubeide/plugins/com.st.stm32cube.ide.mcu.externaltools.gnu-tools-for-stm32.7-2018-q2-update.win32_1.0.0.201904181610/tools/bin/../lib/gcc/arm-none-eabi/7.3.1/thumb/v7e-m/fpv4-sp/hard/crtbegin.o

.rodata         0x00000000080092f8      0x3ec
                0x00000000080092f8                . = ALIGN (0x4)
 *(.rodata)
 *(.rodata*)
 .rodata.CRC4_Lookup4
                0x00000000080092f8       0x10 Application/User/aspep.o
 .rodata.CRC4_Lookup8
                0x0000000008009308      0x100 Application/User/aspep.o
 .rodata.CTL_BOARD
                0x0000000008009408        0xe Application/User/mc_configuration_registers.o
                0x0000000008009408                CTL_BOARD
 *fill*         0x0000000008009416        0x2 
 .rodata.FIRMWARE_NAME
                0x0000000008009418       0x14 Application/User/mc_configuration_registers.o
                0x0000000008009418                FIRMWARE_NAME
 .rodata.M1_ApplicationConfig_reg
                0x000000000800942c        0xe Application/User/mc_configuration_registers.o
 *fill*         0x000000000800943a        0x2 
 .rodata.M1_FOCConfig_reg
                0x000000000800943c        0xe Application/User/mc_configuration_registers.o
 *fill*         0x000000000800944a        0x2 
 .rodata.M1_MotorConfig_reg
                0x000000000800944c       0x3c Application/User/mc_configuration_registers.o
                0x000000000800944c                M1_MotorConfig_reg
 .rodata.M1_PWR_BOARD
                0x0000000008009488       0x11 Application/User/mc_configuration_registers.o
 *fill*         0x0000000008009499        0x3 
 .rodata.globalConfig_reg
                0x000000000800949c        0xa Application/User/mc_configuration_registers.o
                0x000000000800949c                globalConfig_reg
 *fill*         0x00000000080094a6        0x2 
 .rodata.R3_2_ParamsM1
                0x00000000080094a8       0xcc Application/User/mc_parameters.o
                0x00000000080094a8                R3_2_ParamsM1
 .rodata.CSWTCH.38
                0x0000000008009574       0x11 Application/User/register_interface.o
 *fill*         0x0000000008009585        0x3 
 .rodata.CHANNEL_OFFSET_TAB
                0x0000000008009588        0x6 Application/User/usart_aspep_driver.o
 *fill*         0x000000000800958e        0x2 
 .rodata.AHBPrescTable
                0x0000000008009590       0x10 Drivers/CMSIS/system_stm32g4xx.o
                0x0000000008009590                AHBPrescTable
 .rodata.APBPrescTable
                0x00000000080095a0        0x8 Drivers/CMSIS/system_stm32g4xx.o
                0x00000000080095a0                APBPrescTable
 .rodata.CSWTCH.112
                0x00000000080095a8       0x40 Drivers/STM32G4xx_HAL_Driver/stm32g4xx_hal_tim_ex.o
 .rodata.CSWTCH.113
                0x00000000080095e8       0x40 Drivers/STM32G4xx_HAL_Driver/stm32g4xx_hal_tim_ex.o
 .rodata.CSWTCH.114
                0x0000000008009628       0x40 Drivers/STM32G4xx_HAL_Driver/stm32g4xx_hal_tim_ex.o
 .rodata.CSWTCH.115
                0x0000000008009668       0x40 Drivers/STM32G4xx_HAL_Driver/stm32g4xx_hal_tim_ex.o
 .rodata.CSWTCH.60
                0x00000000080096a8        0x4 Drivers/STM32G4xx_HAL_Driver/stm32g4xx_hal_uart.o
 .rodata.CSWTCH.61
                0x00000000080096ac        0xd Drivers/STM32G4xx_HAL_Driver/stm32g4xx_hal_uart.o
 *fill*         0x00000000080096b9        0x3 
 .rodata.UARTPrescTable
                0x00000000080096bc       0x18 Drivers/STM32G4xx_HAL_Driver/stm32g4xx_hal_uart.o
                0x00000000080096bc                UARTPrescTable
 .rodata.denominator.9543
                0x00000000080096d4        0x8 Drivers/STM32G4xx_HAL_Driver/stm32g4xx_hal_uart_ex.o
 .rodata.numerator.9542
                0x00000000080096dc        0x8 Drivers/STM32G4xx_HAL_Driver/stm32g4xx_hal_uart_ex.o
                0x00000000080096e4                . = ALIGN (0x4)

.ARM.extab      0x00000000080096e4        0x0
                0x00000000080096e4                . = ALIGN (0x4)
 *(.ARM.extab* .gnu.linkonce.armextab.*)
                0x00000000080096e4                . = ALIGN (0x4)

.ARM            0x00000000080096e4        0x8
                0x00000000080096e4                . = ALIGN (0x4)
                0x00000000080096e4                __exidx_start = .
 *(.ARM.exidx*)
 .ARM.exidx     0x00000000080096e4        0x8 c:/st/stm32cubeide_1.0.2/stm32cubeide/plugins/com.st.stm32cube.ide.mcu.externaltools.gnu-tools-for-stm32.7-2018-q2-update.win32_1.0.0.201904181610/tools/bin/../lib/gcc/arm-none-eabi/7.3.1/thumb/v7e-m/fpv4-sp/hard\libgcc.a(_udivmoddi4.o)
                0x00000000080096ec                __exidx_end = .
                0x00000000080096ec                . = ALIGN (0x4)

.rel.dyn        0x00000000080096ec        0x0
 .rel.iplt      0x00000000080096ec        0x0 c:/st/stm32cubeide_1.0.2/stm32cubeide/plugins/com.st.stm32cube.ide.mcu.externaltools.gnu-tools-for-stm32.7-2018-q2-update.win32_1.0.0.201904181610/tools/bin/../lib/gcc/arm-none-eabi/7.3.1/thumb/v7e-m/fpv4-sp/hard/crtbegin.o

.preinit_array  0x00000000080096ec        0x0
                0x00000000080096ec                . = ALIGN (0x4)
                0x00000000080096ec                PROVIDE (__preinit_array_start = .)
 *(.preinit_array*)
                0x00000000080096ec                PROVIDE (__preinit_array_end = .)
                0x00000000080096ec                . = ALIGN (0x4)

.init_array     0x00000000080096ec        0x4
                0x00000000080096ec                . = ALIGN (0x4)
                0x00000000080096ec                PROVIDE (__init_array_start = .)
 *(SORT_BY_NAME(.init_array.*))
 *(.init_array*)
 .init_array    0x00000000080096ec        0x4 c:/st/stm32cubeide_1.0.2/stm32cubeide/plugins/com.st.stm32cube.ide.mcu.externaltools.gnu-tools-for-stm32.7-2018-q2-update.win32_1.0.0.201904181610/tools/bin/../lib/gcc/arm-none-eabi/7.3.1/thumb/v7e-m/fpv4-sp/hard/crtbegin.o
                0x00000000080096f0                PROVIDE (__init_array_end = .)
                0x00000000080096f0                . = ALIGN (0x4)

.fini_array     0x00000000080096f0        0x4
                0x00000000080096f0                . = ALIGN (0x4)
                [!provide]                        PROVIDE (__fini_array_start = .)
 *(SORT_BY_NAME(.fini_array.*))
 *(.fini_array*)
 .fini_array    0x00000000080096f0        0x4 c:/st/stm32cubeide_1.0.2/stm32cubeide/plugins/com.st.stm32cube.ide.mcu.externaltools.gnu-tools-for-stm32.7-2018-q2-update.win32_1.0.0.201904181610/tools/bin/../lib/gcc/arm-none-eabi/7.3.1/thumb/v7e-m/fpv4-sp/hard/crtbegin.o
                [!provide]                        PROVIDE (__fini_array_end = .)
                0x00000000080096f4                . = ALIGN (0x4)
                0x00000000080096f4                _sidata = LOADADDR (.data)

.data           0x0000000020000000      0x4e4 load address 0x00000000080096f4
                0x0000000020000000                . = ALIGN (0x4)
                0x0000000020000000                _sdata = .
 *(.data)
 *(.data*)
 .data.BusVoltageSensor_M1
                0x0000000020000000       0x2c Application/User/mc_config.o
                0x0000000020000000                BusVoltageSensor_M1
 .data.CircleLimitationM1
                0x000000002000002c       0xb4 Application/User/mc_config.o
                0x000000002000002c                CircleLimitationM1
 .data.ENCODER_M1
                0x00000000200000e0       0x7c Application/User/mc_config.o
                0x00000000200000e0                ENCODER_M1
 .data.EncAlignCtrlM1
                0x000000002000015c       0x1c Application/User/mc_config.o
                0x000000002000015c                EncAlignCtrlM1
 .data.PIDIdHandle_M1
                0x0000000020000178       0x2c Application/User/mc_config.o
                0x0000000020000178                PIDIdHandle_M1
 .data.PIDIqHandle_M1
                0x00000000200001a4       0x2c Application/User/mc_config.o
                0x00000000200001a4                PIDIqHandle_M1
 .data.PIDSpeedHandle_M1
                0x00000000200001d0       0x2c Application/User/mc_config.o
                0x00000000200001d0                PIDSpeedHandle_M1
 .data.PID_PosParamsM1
                0x00000000200001fc       0x2c Application/User/mc_config.o
                0x00000000200001fc                PID_PosParamsM1
 .data.PQD_MotorPowMeasM1
                0x0000000020000228       0x10 Application/User/mc_config.o
                0x0000000020000228                PQD_MotorPowMeasM1
 .data.PWM_Handle_M1
                0x0000000020000238       0x90 Application/User/mc_config.o
                0x0000000020000238                PWM_Handle_M1
 .data.PosCtrlM1
                0x00000000200002c8       0x70 Application/User/mc_config.o
                0x00000000200002c8                PosCtrlM1
 .data.RampExtMngrHFParamsM1
                0x0000000020000338       0x18 Application/User/mc_config.o
                0x0000000020000338                RampExtMngrHFParamsM1
 .data.SpeednTorqCtrlM1
                0x0000000020000350       0x34 Application/User/mc_config.o
                0x0000000020000350                SpeednTorqCtrlM1
 .data.TempSensor_M1
                0x0000000020000384       0x28 Application/User/mc_config.o
                0x0000000020000384                TempSensor_M1
 .data.VirtualSpeedSensorM1
                0x00000000200003ac       0x38 Application/User/mc_config.o
                0x00000000200003ac                VirtualSpeedSensorM1
 .data.pMPM     0x00000000200003e4        0x4 Application/User/mc_config.o
                0x00000000200003e4                pMPM
 .data.pPIDId   0x00000000200003e8        0x4 Application/User/mc_config.o
                0x00000000200003e8                pPIDId
 .data.pPIDIq   0x00000000200003ec        0x4 Application/User/mc_config.o
                0x00000000200003ec                pPIDIq
 .data.pPosCtrl
                0x00000000200003f0        0x4 Application/User/mc_config.o
                0x00000000200003f0                pPosCtrl
 .data.pSTC     0x00000000200003f4        0x4 Application/User/mc_config.o
                0x00000000200003f4                pSTC
 .data.pTemperatureSensor
                0x00000000200003f8        0x4 Application/User/mc_config.o
                0x00000000200003f8                pTemperatureSensor
 .data.ApplicationConfig_reg
                0x00000000200003fc        0x4 Application/User/mc_configuration_registers.o
                0x00000000200003fc                ApplicationConfig_reg
 .data.FOCConfig_reg
                0x0000000020000400        0x4 Application/User/mc_configuration_registers.o
                0x0000000020000400                FOCConfig_reg
 .data.MotorConfig_reg
                0x0000000020000404        0x4 Application/User/mc_configuration_registers.o
                0x0000000020000404                MotorConfig_reg
 .data.PWR_BOARD_NAME
                0x0000000020000408        0x4 Application/User/mc_configuration_registers.o
                0x0000000020000408                PWR_BOARD_NAME
 .data.MCPA_UART_A
                0x000000002000040c       0x2c Application/User/mcp_config.o
                0x000000002000040c                MCPA_UART_A
 .data.MCP_Over_UartA
                0x0000000020000438       0x10 Application/User/mcp_config.o
                0x0000000020000438                MCP_Over_UartA
 .data.UASPEP_A
                0x0000000020000448       0x14 Application/User/mcp_config.o
 .data.aspepOverUartA
                0x000000002000045c       0x74 Application/User/mcp_config.o
                0x000000002000045c                aspepOverUartA
 .data.pPIDPosCtrl
                0x00000000200004d0        0x4 Application/User/register_interface.o
                0x00000000200004d0                pPIDPosCtrl
 .data.SystickDividerCounter.15484
                0x00000000200004d4        0x1 Application/User/stm32g4xx_mc_it.o
 *fill*         0x00000000200004d5        0x3 
 .data.SystemCoreClock
                0x00000000200004d8        0x4 Drivers/CMSIS/system_stm32g4xx.o
                0x00000000200004d8                SystemCoreClock
 .data.uwTickFreq
                0x00000000200004dc        0x4 Drivers/STM32G4xx_HAL_Driver/stm32g4xx_hal.o
                0x00000000200004dc                uwTickFreq
 .data.uwTickPrio
                0x00000000200004e0        0x4 Drivers/STM32G4xx_HAL_Driver/stm32g4xx_hal.o
                0x00000000200004e0                uwTickPrio
 *(.RamFunc)
 *(.RamFunc*)
                0x00000000200004e4                . = ALIGN (0x4)
                0x00000000200004e4                _edata = .

.igot.plt       0x00000000200004e4        0x0 load address 0x0000000008009bd8
 .igot.plt      0x00000000200004e4        0x0 c:/st/stm32cubeide_1.0.2/stm32cubeide/plugins/com.st.stm32cube.ide.mcu.externaltools.gnu-tools-for-stm32.7-2018-q2-update.win32_1.0.0.201904181610/tools/bin/../lib/gcc/arm-none-eabi/7.3.1/thumb/v7e-m/fpv4-sp/hard/crtbegin.o
                0x00000000200004e4                . = ALIGN (0x4)

.bss            0x00000000200004e4     0x1558 load address 0x0000000008009bd8
                0x00000000200004e4                _sbss = .
                0x00000000200004e4                __bss_start__ = _sbss
 *(.bss)
 .bss           0x00000000200004e4       0x1c c:/st/stm32cubeide_1.0.2/stm32cubeide/plugins/com.st.stm32cube.ide.mcu.externaltools.gnu-tools-for-stm32.7-2018-q2-update.win32_1.0.0.201904181610/tools/bin/../lib/gcc/arm-none-eabi/7.3.1/thumb/v7e-m/fpv4-sp/hard/crtbegin.o
 *(.bss*)
 .bss.RealBusVoltageSensorFilterBufferM1
                0x0000000020000500        0xc Application/User/mc_config.o
 .bss.FOCVars   0x000000002000050c       0x26 Application/User/mc_tasks.o
 .bss.bMCBootCompleted
                0x0000000020000532        0x1 Application/User/mc_tasks.o
 *fill*         0x0000000020000533        0x1 
 .bss.hBootCapDelayCounterM1
                0x0000000020000534        0x2 Application/User/mc_tasks.o
 .bss.hMFTaskCounterM1
                0x0000000020000536        0x2 Application/User/mc_tasks.o
 .bss.hStopPermanencyCounterM1
                0x0000000020000538        0x2 Application/User/mc_tasks.o
 *fill*         0x000000002000053a        0x2 
 .bss.pEAC      0x000000002000053c        0x4 Application/User/mc_tasks.o
 .bss.pwmcHandle
                0x0000000020000540        0x4 Application/User/mc_tasks.o
 .bss.MCPAsyncBuffUARTA_A
                0x0000000020000544      0x806 Application/User/mcp_config.o
 *fill*         0x0000000020000d4a        0x2 
 .bss.MCPAsyncBuffUARTA_B
                0x0000000020000d4c      0x806 Application/User/mcp_config.o
 *fill*         0x0000000020001552        0x2 
 .bss.MCPSyncRXBuff
                0x0000000020001554       0x82 Application/User/mcp_config.o
 *fill*         0x00000000200015d6        0x2 
 .bss.MCPSyncTxBuff
                0x00000000200015d8       0x86 Application/User/mcp_config.o
 .bss.nullData16.15894
                0x000000002000165e        0x2 Application/User/register_interface.o
 .bss.RCM_CB_array
                0x0000000020001660       0x20 Application/User/regular_conversion_manager.o
 .bss.RCM_NoInj_array
                0x0000000020001680       0x18 Application/User/regular_conversion_manager.o
 .bss.RCM_UserConvHandle
                0x0000000020001698        0x1 Application/User/regular_conversion_manager.o
 .bss.RCM_UserConvState
                0x0000000020001699        0x1 Application/User/regular_conversion_manager.o
 .bss.RCM_UserConvValue
                0x000000002000169a        0x2 Application/User/regular_conversion_manager.o
 .bss.RCM_currentHandle
                0x000000002000169c        0x1 Application/User/regular_conversion_manager.o
 *fill*         0x000000002000169d        0x3 
 .bss.RCM_handle_array
                0x00000000200016a0       0x10 Application/User/regular_conversion_manager.o
 .bss.HAL_RCC_ADC12_CLK_ENABLED
                0x00000000200016b0        0x4 Application/User/stm32g4xx_hal_msp.o
 .bss.GLOBAL_TIMESTAMP
                0x00000000200016b4        0x4 Middlewares/MotorControl/mcpa.o
                0x00000000200016b4                GLOBAL_TIMESTAMP
 *(COMMON)
 COMMON         0x00000000200016b8      0x2e8 Application/User/main.o
                0x00000000200016b8                hdma_usart2_rx
                0x0000000020001718                hadc2
                0x0000000020001784                hadc1
                0x00000000200017f0                hdma_usart2_tx
                0x0000000020001850                hcordic
                0x0000000020001878                htim1
                0x00000000200018c4                htim2
                0x0000000020001910                huart2
 COMMON         0x00000000200019a0       0x24 Application/User/mc_config.o
                0x00000000200019a0                Mci
 COMMON         0x00000000200019c4       0x6e Application/User/mcp_config.o
                0x00000000200019c4                dataPtrTableBuffA
                0x00000000200019ec                MCP_UserCallBack
                0x00000000200019f4                dataSizeTableBuffA
                0x0000000020001a00                dataPtrTableA
                0x0000000020001a28                dataSizeTableA
 *fill*         0x0000000020001a32        0x2 
 COMMON         0x0000000020001a34        0x4 Application/User/motorcontrol.o
                0x0000000020001a34                pMCI
 COMMON         0x0000000020001a38        0x4 Drivers/STM32G4xx_HAL_Driver/stm32g4xx_hal.o
                0x0000000020001a38                uwTick
                0x0000000020001a3c                . = ALIGN (0x4)
                0x0000000020001a3c                _ebss = .
                0x0000000020001a3c                __bss_end__ = _ebss

._user_heap_stack
                0x0000000020001a3c      0x604 load address 0x0000000008009bd8
                0x0000000020001a40                . = ALIGN (0x8)
 *fill*         0x0000000020001a3c        0x4 
                [!provide]                        PROVIDE (end = .)
                0x0000000020001a40                PROVIDE (_end = .)
                0x0000000020001c40                . = (. + _Min_Heap_Size)
 *fill*         0x0000000020001a40      0x200 
                0x0000000020002040                . = (. + _Min_Stack_Size)
 *fill*         0x0000000020001c40      0x400 
                0x0000000020002040                . = ALIGN (0x8)

/DISCARD/
 libc.a(*)
 libm.a(*)
 libgcc.a(*)

.ARM.attributes
                0x0000000000000000       0x30
 *(.ARM.attributes)
 .ARM.attributes
                0x0000000000000000       0x22 c:/st/stm32cubeide_1.0.2/stm32cubeide/plugins/com.st.stm32cube.ide.mcu.externaltools.gnu-tools-for-stm32.7-2018-q2-update.win32_1.0.0.201904181610/tools/bin/../lib/gcc/arm-none-eabi/7.3.1/thumb/v7e-m/fpv4-sp/hard/crti.o
 .ARM.attributes
                0x0000000000000022       0x34 c:/st/stm32cubeide_1.0.2/stm32cubeide/plugins/com.st.stm32cube.ide.mcu.externaltools.gnu-tools-for-stm32.7-2018-q2-update.win32_1.0.0.201904181610/tools/bin/../lib/gcc/arm-none-eabi/7.3.1/thumb/v7e-m/fpv4-sp/hard/crtbegin.o
 .ARM.attributes
                0x0000000000000056       0x21 Application/Startup/startup_stm32g431rbtx.o
 .ARM.attributes
                0x0000000000000077       0x35 Application/User/aspep.o
 .ARM.attributes
                0x00000000000000ac       0x35 Application/User/main.o
 .ARM.attributes
                0x00000000000000e1       0x35 Application/User/mc_api.o
 .ARM.attributes
                0x0000000000000116       0x35 Application/User/mc_app_hooks.o
 .ARM.attributes
                0x000000000000014b       0x35 Application/User/mc_config.o
 .ARM.attributes
                0x0000000000000180       0x35 Application/User/mc_configuration_registers.o
 .ARM.attributes
                0x00000000000001b5       0x35 Application/User/mc_interface.o
 .ARM.attributes
                0x00000000000001ea       0x35 Application/User/mc_math.o
 .ARM.attributes
                0x000000000000021f       0x35 Application/User/mc_parameters.o
 .ARM.attributes
                0x0000000000000254       0x35 Application/User/mc_tasks.o
 .ARM.attributes
                0x0000000000000289       0x35 Application/User/mcp_config.o
 .ARM.attributes
                0x00000000000002be       0x35 Application/User/motorcontrol.o
 .ARM.attributes
                0x00000000000002f3       0x35 Application/User/pwm_curr_fdbk.o
 .ARM.attributes
                0x0000000000000328       0x35 Application/User/register_interface.o
 .ARM.attributes
                0x000000000000035d       0x35 Application/User/regular_conversion_manager.o
 .ARM.attributes
                0x0000000000000392       0x35 Application/User/stm32g4xx_hal_msp.o
 .ARM.attributes
                0x00000000000003c7       0x35 Application/User/stm32g4xx_mc_it.o
 .ARM.attributes
                0x00000000000003fc       0x35 Application/User/usart_aspep_driver.o
 .ARM.attributes
                0x0000000000000431       0x35 Drivers/CMSIS/system_stm32g4xx.o
 .ARM.attributes
                0x0000000000000466       0x35 Drivers/STM32G4xx_HAL_Driver/stm32g4xx_hal.o
 .ARM.attributes
                0x000000000000049b       0x35 Drivers/STM32G4xx_HAL_Driver/stm32g4xx_hal_adc.o
 .ARM.attributes
                0x00000000000004d0       0x35 Drivers/STM32G4xx_HAL_Driver/stm32g4xx_hal_adc_ex.o
 .ARM.attributes
                0x0000000000000505       0x35 Drivers/STM32G4xx_HAL_Driver/stm32g4xx_hal_cordic.o
 .ARM.attributes
                0x000000000000053a       0x35 Drivers/STM32G4xx_HAL_Driver/stm32g4xx_hal_cortex.o
 .ARM.attributes
                0x000000000000056f       0x35 Drivers/STM32G4xx_HAL_Driver/stm32g4xx_hal_dma.o
 .ARM.attributes
                0x00000000000005a4       0x35 Drivers/STM32G4xx_HAL_Driver/stm32g4xx_hal_gpio.o
 .ARM.attributes
                0x00000000000005d9       0x35 Drivers/STM32G4xx_HAL_Driver/stm32g4xx_hal_pwr_ex.o
 .ARM.attributes
                0x000000000000060e       0x35 Drivers/STM32G4xx_HAL_Driver/stm32g4xx_hal_rcc.o
 .ARM.attributes
                0x0000000000000643       0x35 Drivers/STM32G4xx_HAL_Driver/stm32g4xx_hal_rcc_ex.o
 .ARM.attributes
                0x0000000000000678       0x35 Drivers/STM32G4xx_HAL_Driver/stm32g4xx_hal_tim.o
 .ARM.attributes
                0x00000000000006ad       0x35 Drivers/STM32G4xx_HAL_Driver/stm32g4xx_hal_tim_ex.o
 .ARM.attributes
                0x00000000000006e2       0x35 Drivers/STM32G4xx_HAL_Driver/stm32g4xx_hal_uart.o
 .ARM.attributes
                0x0000000000000717       0x35 Drivers/STM32G4xx_HAL_Driver/stm32g4xx_hal_uart_ex.o
 .ARM.attributes
                0x000000000000074c       0x35 Middlewares/MotorControl/bus_voltage_sensor.o
 .ARM.attributes
                0x0000000000000781       0x35 Middlewares/MotorControl/circle_limitation.o
 .ARM.attributes
                0x00000000000007b6       0x35 Middlewares/MotorControl/enc_align_ctrl.o
 .ARM.attributes
                0x00000000000007eb       0x35 Middlewares/MotorControl/encoder_speed_pos_fdbk.o
 .ARM.attributes
                0x0000000000000820       0x35 Middlewares/MotorControl/mcp.o
 .ARM.attributes
                0x0000000000000855       0x35 Middlewares/MotorControl/mcpa.o
 .ARM.attributes
                0x000000000000088a       0x35 Middlewares/MotorControl/ntc_temperature_sensor.o
 .ARM.attributes
                0x00000000000008bf       0x35 Middlewares/MotorControl/pid_regulator.o
 .ARM.attributes
                0x00000000000008f4       0x35 Middlewares/MotorControl/pqd_motor_power_measurement.o
 .ARM.attributes
                0x0000000000000929       0x35 Middlewares/MotorControl/pwm_common.o
 .ARM.attributes
                0x000000000000095e       0x35 Middlewares/MotorControl/r3_2_g4xx_pwm_curr_fdbk.o
 .ARM.attributes
                0x0000000000000993       0x35 Middlewares/MotorControl/r_divider_bus_voltage_sensor.o
 .ARM.attributes
                0x00000000000009c8       0x35 Middlewares/MotorControl/ramp_ext_mngr.o
 .ARM.attributes
                0x00000000000009fd       0x35 Middlewares/MotorControl/speed_pos_fdbk.o
 .ARM.attributes
                0x0000000000000a32       0x35 Middlewares/MotorControl/speed_torq_ctrl.o
 .ARM.attributes
                0x0000000000000a67       0x35 Middlewares/MotorControl/trajectory_ctrl.o
 .ARM.attributes
                0x0000000000000a9c       0x35 Middlewares/MotorControl/virtual_speed_sensor.o
 .ARM.attributes
                0x0000000000000ad1       0x34 c:/st/stm32cubeide_1.0.2/stm32cubeide/plugins/com.st.stm32cube.ide.mcu.externaltools.gnu-tools-for-stm32.7-2018-q2-update.win32_1.0.0.201904181610/tools/bin/../lib/gcc/arm-none-eabi/7.3.1/../../../../arm-none-eabi/lib/thumb/v7e-m/fpv4-sp/hard\libc_nano.a(lib_a-init.o)
 .ARM.attributes
                0x0000000000000b05       0x34 c:/st/stm32cubeide_1.0.2/stm32cubeide/plugins/com.st.stm32cube.ide.mcu.externaltools.gnu-tools-for-stm32.7-2018-q2-update.win32_1.0.0.201904181610/tools/bin/../lib/gcc/arm-none-eabi/7.3.1/../../../../arm-none-eabi/lib/thumb/v7e-m/fpv4-sp/hard\libc_nano.a(lib_a-memcpy-stub.o)
 .ARM.attributes
                0x0000000000000b39       0x34 c:/st/stm32cubeide_1.0.2/stm32cubeide/plugins/com.st.stm32cube.ide.mcu.externaltools.gnu-tools-for-stm32.7-2018-q2-update.win32_1.0.0.201904181610/tools/bin/../lib/gcc/arm-none-eabi/7.3.1/../../../../arm-none-eabi/lib/thumb/v7e-m/fpv4-sp/hard\libc_nano.a(lib_a-memset.o)
 .ARM.attributes
                0x0000000000000b6d       0x22 c:/st/stm32cubeide_1.0.2/stm32cubeide/plugins/com.st.stm32cube.ide.mcu.externaltools.gnu-tools-for-stm32.7-2018-q2-update.win32_1.0.0.201904181610/tools/bin/../lib/gcc/arm-none-eabi/7.3.1/thumb/v7e-m/fpv4-sp/hard\libgcc.a(_aeabi_uldivmod.o)
 .ARM.attributes
                0x0000000000000b8f       0x34 c:/st/stm32cubeide_1.0.2/stm32cubeide/plugins/com.st.stm32cube.ide.mcu.externaltools.gnu-tools-for-stm32.7-2018-q2-update.win32_1.0.0.201904181610/tools/bin/../lib/gcc/arm-none-eabi/7.3.1/thumb/v7e-m/fpv4-sp/hard\libgcc.a(_udivmoddi4.o)
 .ARM.attributes
                0x0000000000000bc3       0x22 c:/st/stm32cubeide_1.0.2/stm32cubeide/plugins/com.st.stm32cube.ide.mcu.externaltools.gnu-tools-for-stm32.7-2018-q2-update.win32_1.0.0.201904181610/tools/bin/../lib/gcc/arm-none-eabi/7.3.1/thumb/v7e-m/fpv4-sp/hard\libgcc.a(_dvmd_tls.o)
 .ARM.attributes
                0x0000000000000be5       0x22 c:/st/stm32cubeide_1.0.2/stm32cubeide/plugins/com.st.stm32cube.ide.mcu.externaltools.gnu-tools-for-stm32.7-2018-q2-update.win32_1.0.0.201904181610/tools/bin/../lib/gcc/arm-none-eabi/7.3.1/thumb/v7e-m/fpv4-sp/hard/crtn.o
OUTPUT(m1PositionControl.elf elf32-littlearm)

.debug_line     0x0000000000000000    0x2bb0d
 .debug_line    0x0000000000000000       0x90 Application/Startup/startup_stm32g431rbtx.o
 .debug_line    0x0000000000000090      0xd5a Application/User/aspep.o
 .debug_line    0x0000000000000dea      0xed1 Application/User/main.o
 .debug_line    0x0000000000001cbb      0xe85 Application/User/mc_api.o
 .debug_line    0x0000000000002b40      0x8dd Application/User/mc_app_hooks.o
 .debug_line    0x000000000000341d      0xbd5 Application/User/mc_config.o
 .debug_line    0x0000000000003ff2      0x9a8 Application/User/mc_configuration_registers.o
 .debug_line    0x000000000000499a     0x11e0 Application/User/mc_interface.o
 .debug_line    0x0000000000005b7a      0x9b5 Application/User/mc_math.o
 .debug_line    0x000000000000652f      0xbc6 Application/User/mc_parameters.o
 .debug_line    0x00000000000070f5      0xfa3 Application/User/mc_tasks.o
 .debug_line    0x0000000000008098      0x99d Application/User/mcp_config.o
 .debug_line    0x0000000000008a35      0xbe7 Application/User/motorcontrol.o
 .debug_line    0x000000000000961c      0xc15 Application/User/pwm_curr_fdbk.o
 .debug_line    0x000000000000a231     0x12ef Application/User/register_interface.o
 .debug_line    0x000000000000b520      0xfd3 Application/User/regular_conversion_manager.o
 .debug_line    0x000000000000c4f3      0xe10 Application/User/stm32g4xx_hal_msp.o
 .debug_line    0x000000000000d303      0xe79 Application/User/stm32g4xx_mc_it.o
 .debug_line    0x000000000000e17c      0xb11 Application/User/usart_aspep_driver.o
 .debug_line    0x000000000000ec8d      0x780 Drivers/CMSIS/system_stm32g4xx.o
 .debug_line    0x000000000000f40d      0xa08 Drivers/STM32G4xx_HAL_Driver/stm32g4xx_hal.o
 .debug_line    0x000000000000fe15     0x1864 Drivers/STM32G4xx_HAL_Driver/stm32g4xx_hal_adc.o
 .debug_line    0x0000000000011679     0x12f6 Drivers/STM32G4xx_HAL_Driver/stm32g4xx_hal_adc_ex.o
 .debug_line    0x000000000001296f      0xaa6 Drivers/STM32G4xx_HAL_Driver/stm32g4xx_hal_cordic.o
 .debug_line    0x0000000000013415      0x9e9 Drivers/STM32G4xx_HAL_Driver/stm32g4xx_hal_cortex.o
 .debug_line    0x0000000000013dfe      0xbb0 Drivers/STM32G4xx_HAL_Driver/stm32g4xx_hal_dma.o
 .debug_line    0x00000000000149ae      0x91f Drivers/STM32G4xx_HAL_Driver/stm32g4xx_hal_gpio.o
 .debug_line    0x00000000000152cd      0xba7 Drivers/STM32G4xx_HAL_Driver/stm32g4xx_hal_pwr_ex.o
 .debug_line    0x0000000000015e74      0xb8b Drivers/STM32G4xx_HAL_Driver/stm32g4xx_hal_rcc.o
 .debug_line    0x00000000000169ff      0xbe5 Drivers/STM32G4xx_HAL_Driver/stm32g4xx_hal_rcc_ex.o
 .debug_line    0x00000000000175e4     0x2d16 Drivers/STM32G4xx_HAL_Driver/stm32g4xx_hal_tim.o
 .debug_line    0x000000000001a2fa     0x1572 Drivers/STM32G4xx_HAL_Driver/stm32g4xx_hal_tim_ex.o
 .debug_line    0x000000000001b86c     0x33f9 Drivers/STM32G4xx_HAL_Driver/stm32g4xx_hal_uart.o
 .debug_line    0x000000000001ec65      0xcf6 Drivers/STM32G4xx_HAL_Driver/stm32g4xx_hal_uart_ex.o
 .debug_line    0x000000000001f95b      0x953 Middlewares/MotorControl/bus_voltage_sensor.o
 .debug_line    0x00000000000202ae      0x950 Middlewares/MotorControl/circle_limitation.o
 .debug_line    0x0000000000020bfe      0xa03 Middlewares/MotorControl/enc_align_ctrl.o
 .debug_line    0x0000000000021601      0xbba Middlewares/MotorControl/encoder_speed_pos_fdbk.o
 .debug_line    0x00000000000221bb      0xcc9 Middlewares/MotorControl/mcp.o
 .debug_line    0x0000000000022e84      0xc65 Middlewares/MotorControl/mcpa.o
 .debug_line    0x0000000000023ae9      0x9ec Middlewares/MotorControl/ntc_temperature_sensor.o
 .debug_line    0x00000000000244d5      0xb4c Middlewares/MotorControl/pid_regulator.o
 .debug_line    0x0000000000025021      0x973 Middlewares/MotorControl/pqd_motor_power_measurement.o
 .debug_line    0x0000000000025994      0x9c8 Middlewares/MotorControl/pwm_common.o
 .debug_line    0x000000000002635c     0x16ce Middlewares/MotorControl/r3_2_g4xx_pwm_curr_fdbk.o
 .debug_line    0x0000000000027a2a      0xa8b Middlewares/MotorControl/r_divider_bus_voltage_sensor.o
 .debug_line    0x00000000000284b5      0x9da Middlewares/MotorControl/ramp_ext_mngr.o