trajectory_ctrl.c:59:6:TC_Init	4	static
trajectory_ctrl.c:107:6:TC_MoveCommand	0	static
trajectory_ctrl.c:179:6:TC_FollowCommand	0	static
trajectory_ctrl.c:225:6:TC_PositionRegulation	16	static
trajectory_ctrl.c:261:6:TC_MoveExecution	0	static
trajectory_ctrl.c:326:6:TC_FollowExecution	0	static
trajectory_ctrl.c:336:6:TC_EncAlignmentCommand	16	static
trajectory_ctrl.c:372:6:TC_RampCompleted	0	static
trajectory_ctrl.c:388:6:TC_EncoderReset	8	static
trajectory_ctrl.c:407:7:TC_GetCurrentPosition	8	static
trajectory_ctrl.c:418:7:TC_GetTargetPosition	0	static
trajectory_ctrl.c:428:7:TC_GetMoveDuration	0	static
trajectory_ctrl.c:438:17:TC_GetControlPositionStatus	0	static
trajectory_ctrl.c:447:15:TC_GetAlignmentStatus	0	static
trajectory_ctrl.c:456:6:TC_IncTick	0	static
