mc_api.c:69:13:MC_StartMotor1	0	static
mc_api.c:89:13:MC_StopMotor1	0	static
mc_api.c:125:13:MC_ProgramSpeedRampMotor1	0	static
mc_api.c:161:13:MC_ProgramSpeedRampMotor1_F	0	static
mc_api.c:197:13:MC_ProgramTorqueRampMotor1	0	static
mc_api.c:233:13:MC_ProgramTorqueRampMotor1_F	0	static
mc_api.c:260:13:MC_ProgramPositionCommandMotor1	0	static
mc_api.c:285:13:MC_SetCurrentReferenceMotor1	8	static
mc_api.c:310:13:MC_SetCurrentReferenceMotor1_F	8	static
mc_api.c:326:28:MC_GetCommandStateMotor1	0	static
mc_api.c:341:13:MC_StopSpeedRampMotor1	0	static
mc_api.c:352:13:MC_StopRampMotor1	0	static
mc_api.c:360:13:MC_HasRampCompletedMotor1	0	static
mc_api.c:368:16:MC_GetMecSpeedReferenceMotor1	0	static
mc_api.c:384:16:MC_GetMecSpeedAverageMotor1	0	static
mc_api.c:400:16:MC_GetLastRampFinalSpeedMotor1	0	static
mc_api.c:408:14:MC_GetLastRampFinalSpeedMotor1_F	0	static
mc_api.c:416:25:MC_GetControlModeMotor1	0	static
mc_api.c:432:16:MC_GetImposedDirectionMotor1	0	static
mc_api.c:440:13:MC_GetSpeedSensorReliabilityMotor1	0	static
mc_api.c:455:16:MC_GetPhaseCurrentAmplitudeMotor1	0	static
mc_api.c:470:16:MC_GetPhaseVoltageAmplitudeMotor1	0	static
mc_api.c:478:13:MC_GetIabMotor1	8	static
mc_api.c:486:15:MC_GetIabMotor1_F	8	static
mc_api.c:494:20:MC_GetIalphabetaMotor1	8	static
mc_api.c:502:13:MC_GetIqdMotor1	8	static
mc_api.c:510:15:MC_GetIqdMotor1_F	8	static
mc_api.c:518:13:MC_GetIqdrefMotor1	8	static
mc_api.c:526:15:MC_GetIqdrefMotor1_F	8	static
mc_api.c:534:13:MC_GetVqdMotor1	8	static
mc_api.c:542:20:MC_GetValphabetaMotor1	8	static
mc_api.c:550:16:MC_GetElAngledppMotor1	0	static
mc_api.c:558:16:MC_GetTerefMotor1	0	static
mc_api.c:566:14:MC_GetTerefMotor1_F	0	static
mc_api.c:579:13:MC_Clear_IqdrefMotor1	0	static
mc_api.c:592:13:MC_AcknowledgeFaultMotor1	0	static
mc_api.c:606:17:MC_GetOccurredFaultsMotor1	0	static
mc_api.c:620:17:MC_GetCurrentFaultsMotor1	0	static
mc_api.c:628:21:MC_GetSTMStateMotor1	0	static
mc_api.c:666:6:MC_SetPolarizationOffsetsMotor1	0	static
mc_api.c:685:6:MC_GetPolarizationOffsetsMotor1	0	static
mc_api.c:705:6:MC_StartPolarizationOffsetsMeasurementMotor1	0	static
mc_api.c:716:14:MC_GetAveragePowerMotor1_F	0	static
mc_api.c:724:25:MC_GetControlPositionStatusMotor1	0	static
mc_api.c:732:23:MC_GetAlignmentStatusMotor1	0	static
mc_api.c:740:14:MC_GetCurrentPosition1	0	static
mc_api.c:748:14:MC_GetTargetPosition1	0	static
mc_api.c:756:14:MC_GetMoveDuration1	0	static
mc_api.c:764:16:MC_ProfilerCommand	0	static
