mc_interface.c:60:13:MCI_Init	4	static
mc_interface.c:104:13:MCI_ExecSpeedRamp	4	static
mc_interface.c:138:13:MCI_ExecSpeedRamp_F	8	static
mc_interface.c:172:13:MCI_ExecTorqueRamp	8	static
mc_interface.c:208:13:MCI_ExecTorqueRamp_F	8	static
mc_interface.c:236:13:MCI_SetCurrentReferences	16	static
mc_interface.c:268:13:MCI_SetCurrentReferences_F	24	static
mc_interface.c:298:13:MCI_SetSpeedMode	8	static
mc_interface.c:316:13:MCI_SetOpenLoopCurrent	8	static
mc_interface.c:334:13:MCI_SetOpenLoopVoltage	16	static
mc_interface.c:351:13:MCI_ExecPositionCommand	24	static
mc_interface.c:510:13:MCI_GetCalibratedOffsetsMotor	8	static
mc_interface.c:641:13:MCI_FaultProcessing	4	static
mc_interface.c:658:13:MCI_ExecBufferedCommands	8	static
mc_interface.c:728:28:MCI_IsCommandAcknowledged	0	static
mc_interface.c:760:21:MCI_GetSTMState	0	static
mc_interface.c:770:25:MCI_GetCtrlPositionState	0	static
mc_interface.c:784:23:MCI_GetAlignmentStatus	0	static
mc_interface.c:798:14:MCI_GetCurrentPosition	0	static
mc_interface.c:812:14:MCI_GetTargetPosition	0	static
mc_interface.c:826:14:MCI_GetMoveDuration	0	static
mc_interface.c:846:17:MCI_GetOccurredFaults	0	static
mc_interface.c:860:17:MCI_GetCurrentFaults	0	static
mc_interface.c:399:13:MCI_StartMotor	8	static
mc_interface.c:442:13:MCI_StartWithMeasurementOffset	8	static
mc_interface.c:479:13:MCI_StartOffsetMeasurments	8	static
mc_interface.c:542:13:MCI_SetCalibratedOffsetsMotor	16	static
mc_interface.c:573:13:MCI_StopMotor	16	static
mc_interface.c:614:13:MCI_FaultAcknowledged	8	static
mc_interface.c:876:17:MCI_GetFaultState	0	static
mc_interface.c:892:25:MCI_GetControlMode	0	static
mc_interface.c:908:16:MCI_GetImposedMotorDirection	0	static
mc_interface.c:957:16:MCI_GetLastRampFinalSpeed	0	static
mc_interface.c:983:16:MCI_GetLastRampFinalTorque	0	static
mc_interface.c:1008:17:MCI_GetLastRampFinalDuration	0	static
mc_interface.c:1032:14:MCI_GetLastRampFinalSpeed_F	0	static
mc_interface.c:1052:13:MCI_RampCompleted	8	static
mc_interface.c:1085:13:MCI_StopSpeedRamp	0	static
mc_interface.c:1098:13:MCI_StopRamp	0	static
mc_interface.c:1122:13:MCI_GetSpdSensorReliability	8	static
mc_interface.c:1148:16:MCI_GetAvrgMecSpeedUnit	8	static
mc_interface.c:1172:14:MCI_GetAvrgMecSpeed_F	8	static
mc_interface.c:1185:16:MCI_GetMecSpeedRefUnit	0	static
mc_interface.c:1200:14:MCI_GetMecSpeedRef_F	8	static
mc_interface.c:1210:13:MCI_GetIab	8	static
mc_interface.c:1230:15:MCI_GetIab_F	32	static
mc_interface.c:1246:20:MCI_GetIalphabeta	8	static
mc_interface.c:1271:13:MCI_GetIqd	8	static
mc_interface.c:1296:15:MCI_GetIqd_F	32	static
mc_interface.c:1312:13:MCI_GetIqdHF	8	static
mc_interface.c:1337:13:MCI_GetIqdref	8	static
mc_interface.c:1362:15:MCI_GetIqdref_F	32	static
mc_interface.c:1377:13:MCI_GetVqd	8	static
mc_interface.c:1402:20:MCI_GetValphabeta	8	static
mc_interface.c:1428:16:MCI_GetElAngledpp	0	static
mc_interface.c:1443:16:MCI_GetTeref	0	static
mc_interface.c:1457:14:MCI_GetTeref_F	8	static
mc_interface.c:1470:16:MCI_GetPhaseCurrentAmplitude	0	static,ignoring_inline_asm
mc_interface.c:1499:16:MCI_GetPhaseVoltageAmplitude	8	static
mc_interface.c:1537:13:MCI_Clear_Iqdref	8	static
