mc_tasks.c:611:13:FOC_Clear	24	static
mc_tasks.c:106:13:MCboot	56	static
mc_tasks.c:650:13:FOC_InitAdditionalMethods	0	static
mc_tasks.c:674:13:FOC_CalcCurrRef	8	static
mc_tasks.c:701:13:TSK_SetChargeBootCapDelayM1	0	static
mc_tasks.c:712:13:TSK_ChargeBootCapDelayHasElapsedM1	0	static
mc_tasks.c:728:13:TSK_SetStopPermanencyTimeM1	0	static
mc_tasks.c:250:6:TSK_MF_StopProcessing	8	static
mc_tasks.c:739:13:TSK_StopPermanencyTimeHasElapsedM1	0	static
mc_tasks.c:340:13:TSK_MediumFrequencyTaskM1	24	static
mc_tasks.c:266:13:MC_Scheduler	16	static
mc_tasks.c:765:16:TSK_HighFrequencyTask	48	static
mc_tasks.c:885:13:TSK_SafetyTask_PWMOFF	24	static
mc_tasks.c:863:13:TSK_SafetyTask	8	static
mc_tasks.c:228:13:MC_RunMotorControlTasks	8	static
mc_tasks.c:939:23:GetMCI	0	static
mc_tasks.c:955:13:TSK_HardwareFaultTask	8	static
mc_tasks.c:968:13:UI_HandleStartStopButton_cb	8	static
mc_tasks.c:986:13:mc_lock_pins	88	static
