stm32g4xx_hal_msp.c:68:6:HAL_MspInit	16	static
stm32g4xx_hal_msp.c:98:6:HAL_ADC_MspInit	128	static
stm32g4xx_hal_msp.c:189:6:HAL_ADC_MspDeInit	8	static
stm32g4xx_hal_msp.c:264:6:HAL_CORDIC_MspInit	8	static
stm32g4xx_hal_msp.c:286:6:HAL_CORDIC_MspDeInit	0	static
stm32g4xx_hal_msp.c:308:6:HAL_TIM_Base_MspInit	48	static
stm32g4xx_hal_msp.c:343:6:HAL_TIM_Encoder_MspInit	48	static
stm32g4xx_hal_msp.c:381:6:HAL_TIM_MspPostInit	40	static
stm32g4xx_hal_msp.c:415:6:HAL_TIM_Base_MspDeInit	8	static
stm32g4xx_hal_msp.c:449:6:HAL_TIM_Encoder_MspDeInit	8	static
stm32g4xx_hal_msp.c:482:6:HAL_UART_MspInit	112	static
stm32g4xx_hal_msp.c:564:6:HAL_UART_MspDeInit	8	static
